Archive member included to satisfy reference by file (symbol)

/opt/st/stm32cubeide_1.4.0/plugins/com.st.stm32cube.ide.mcu.externaltools.gnu-tools-for-stm32.7-2018-q2-update.linux64_1.4.0.202007081208/tools/bin/../lib/gcc/arm-none-eabi/7.3.1/../../../../arm-none-eabi/lib/thumb/v7e-m/fpv4-sp/hard/libc_nano.a(lib_a-errno.o)
                              Core/Src/syscalls.o (__errno)
/opt/st/stm32cubeide_1.4.0/plugins/com.st.stm32cube.ide.mcu.externaltools.gnu-tools-for-stm32.7-2018-q2-update.linux64_1.4.0.202007081208/tools/bin/../lib/gcc/arm-none-eabi/7.3.1/../../../../arm-none-eabi/lib/thumb/v7e-m/fpv4-sp/hard/libc_nano.a(lib_a-exit.o)
                              /opt/st/stm32cubeide_1.4.0/plugins/com.st.stm32cube.ide.mcu.externaltools.gnu-tools-for-stm32.7-2018-q2-update.linux64_1.4.0.202007081208/tools/bin/../lib/gcc/arm-none-eabi/7.3.1/../../../../arm-none-eabi/lib/thumb/v7e-m/fpv4-sp/hard/crt0.o (exit)
/opt/st/stm32cubeide_1.4.0/plugins/com.st.stm32cube.ide.mcu.externaltools.gnu-tools-for-stm32.7-2018-q2-update.linux64_1.4.0.202007081208/tools/bin/../lib/gcc/arm-none-eabi/7.3.1/../../../../arm-none-eabi/lib/thumb/v7e-m/fpv4-sp/hard/libc_nano.a(lib_a-impure.o)
                              /opt/st/stm32cubeide_1.4.0/plugins/com.st.stm32cube.ide.mcu.externaltools.gnu-tools-for-stm32.7-2018-q2-update.linux64_1.4.0.202007081208/tools/bin/../lib/gcc/arm-none-eabi/7.3.1/../../../../arm-none-eabi/lib/thumb/v7e-m/fpv4-sp/hard/libc_nano.a(lib_a-exit.o) (_global_impure_ptr)
/opt/st/stm32cubeide_1.4.0/plugins/com.st.stm32cube.ide.mcu.externaltools.gnu-tools-for-stm32.7-2018-q2-update.linux64_1.4.0.202007081208/tools/bin/../lib/gcc/arm-none-eabi/7.3.1/../../../../arm-none-eabi/lib/thumb/v7e-m/fpv4-sp/hard/libc_nano.a(lib_a-init.o)
                              /opt/st/stm32cubeide_1.4.0/plugins/com.st.stm32cube.ide.mcu.externaltools.gnu-tools-for-stm32.7-2018-q2-update.linux64_1.4.0.202007081208/tools/bin/../lib/gcc/arm-none-eabi/7.3.1/../../../../arm-none-eabi/lib/thumb/v7e-m/fpv4-sp/hard/crt0.o (__libc_init_array)
/opt/st/stm32cubeide_1.4.0/plugins/com.st.stm32cube.ide.mcu.externaltools.gnu-tools-for-stm32.7-2018-q2-update.linux64_1.4.0.202007081208/tools/bin/../lib/gcc/arm-none-eabi/7.3.1/../../../../arm-none-eabi/lib/thumb/v7e-m/fpv4-sp/hard/libc_nano.a(lib_a-memcpy-stub.o)
                              Drivers/VL530X/core/src/vl53l0x_api_calibration.o (memcpy)
/opt/st/stm32cubeide_1.4.0/plugins/com.st.stm32cube.ide.mcu.externaltools.gnu-tools-for-stm32.7-2018-q2-update.linux64_1.4.0.202007081208/tools/bin/../lib/gcc/arm-none-eabi/7.3.1/../../../../arm-none-eabi/lib/thumb/v7e-m/fpv4-sp/hard/libc_nano.a(lib_a-memset.o)
                              /opt/st/stm32cubeide_1.4.0/plugins/com.st.stm32cube.ide.mcu.externaltools.gnu-tools-for-stm32.7-2018-q2-update.linux64_1.4.0.202007081208/tools/bin/../lib/gcc/arm-none-eabi/7.3.1/../../../../arm-none-eabi/lib/thumb/v7e-m/fpv4-sp/hard/crt0.o (memset)
/opt/st/stm32cubeide_1.4.0/plugins/com.st.stm32cube.ide.mcu.externaltools.gnu-tools-for-stm32.7-2018-q2-update.linux64_1.4.0.202007081208/tools/bin/../lib/gcc/arm-none-eabi/7.3.1/../../../../arm-none-eabi/lib/thumb/v7e-m/fpv4-sp/hard/libc_nano.a(lib_a-sprintf.o)
                              Core/Src/main.o (sprintf)
/opt/st/stm32cubeide_1.4.0/plugins/com.st.stm32cube.ide.mcu.externaltools.gnu-tools-for-stm32.7-2018-q2-update.linux64_1.4.0.202007081208/tools/bin/../lib/gcc/arm-none-eabi/7.3.1/../../../../arm-none-eabi/lib/thumb/v7e-m/fpv4-sp/hard/libc_nano.a(lib_a-strcpy.o)
                              Drivers/VL530X/core/src/vl53l0x_api_core.o (strcpy)
/opt/st/stm32cubeide_1.4.0/plugins/com.st.stm32cube.ide.mcu.externaltools.gnu-tools-for-stm32.7-2018-q2-update.linux64_1.4.0.202007081208/tools/bin/../lib/gcc/arm-none-eabi/7.3.1/../../../../arm-none-eabi/lib/thumb/v7e-m/fpv4-sp/hard/libc_nano.a(lib_a-nano-svfprintf.o)
                              /opt/st/stm32cubeide_1.4.0/plugins/com.st.stm32cube.ide.mcu.externaltools.gnu-tools-for-stm32.7-2018-q2-update.linux64_1.4.0.202007081208/tools/bin/../lib/gcc/arm-none-eabi/7.3.1/../../../../arm-none-eabi/lib/thumb/v7e-m/fpv4-sp/hard/libc_nano.a(lib_a-sprintf.o) (_svfprintf_r)
/opt/st/stm32cubeide_1.4.0/plugins/com.st.stm32cube.ide.mcu.externaltools.gnu-tools-for-stm32.7-2018-q2-update.linux64_1.4.0.202007081208/tools/bin/../lib/gcc/arm-none-eabi/7.3.1/../../../../arm-none-eabi/lib/thumb/v7e-m/fpv4-sp/hard/libc_nano.a(lib_a-nano-vfprintf_i.o)
                              /opt/st/stm32cubeide_1.4.0/plugins/com.st.stm32cube.ide.mcu.externaltools.gnu-tools-for-stm32.7-2018-q2-update.linux64_1.4.0.202007081208/tools/bin/../lib/gcc/arm-none-eabi/7.3.1/../../../../arm-none-eabi/lib/thumb/v7e-m/fpv4-sp/hard/libc_nano.a(lib_a-nano-svfprintf.o) (_printf_i)
[...]
Memory Configuration

Name             Origin             Length             Attributes
CCMRAM           0x0000000010000000 0x0000000000001000 xrw
RAM              0x0000000020000000 0x0000000000003000 xrw
FLASH            0x0000000008000000 0x0000000000010000 xr
*default*        0x0000000000000000 0xffffffffffffffff

Linker script and memory map

LOAD /opt/st/stm32cubeide_1.4.0/plugins/com.st.stm32cube.ide.mcu.externaltools.gnu-tools-for-stm32.7-2018-q2-update.linux64_1.4.0.202007081208/tools/bin/../lib/gcc/arm-none-eabi/7.3.1/thumb/v7e-m/fpv4-sp/hard/crti.o
LOAD /opt/st/stm32cubeide_1.4.0/plugins/com.st.stm32cube.ide.mcu.externaltools.gnu-tools-for-stm32.7-2018-q2-update.linux64_1.4.0.202007081208/tools/bin/../lib/gcc/arm-none-eabi/7.3.1/thumb/v7e-m/fpv4-sp/hard/crtbegin.o
LOAD /opt/st/stm32cubeide_1.4.0/plugins/com.st.stm32cube.ide.mcu.externaltools.gnu-tools-for-stm32.7-2018-q2-update.linux64_1.4.0.202007081208/tools/bin/../lib/gcc/arm-none-eabi/7.3.1/../../../../arm-none-eabi/lib/thumb/v7e-m/fpv4-sp/hard/crt0.o
LOAD Core/Src/main.o
LOAD Core/Src/stm32f3xx_hal_msp.o
LOAD Core/Src/stm32f3xx_it.o
LOAD Core/Src/syscalls.o
LOAD Core/Src/sysmem.o
LOAD Core/Src/system_stm32f3xx.o
LOAD Core/Startup/startup_stm32f303k8tx.o
LOAD Drivers/STM32F3xx_HAL_Driver/Src/stm32f3xx_hal.o
LOAD Drivers/STM32F3xx_HAL_Driver/Src/stm32f3xx_hal_cortex.o
LOAD Drivers/STM32F3xx_HAL_Driver/Src/stm32f3xx_hal_dma.o
LOAD Drivers/STM32F3xx_HAL_Driver/Src/stm32f3xx_hal_exti.o
LOAD Drivers/STM32F3xx_HAL_Driver/Src/stm32f3xx_hal_flash.o
LOAD Drivers/STM32F3xx_HAL_Driver/Src/stm32f3xx_hal_flash_ex.o
LOAD Drivers/STM32F3xx_HAL_Driver/Src/stm32f3xx_hal_gpio.o
LOAD Drivers/STM32F3xx_HAL_Driver/Src/stm32f3xx_hal_i2c.o
LOAD Drivers/STM32F3xx_HAL_Driver/Src/stm32f3xx_hal_i2c_ex.o
LOAD Drivers/STM32F3xx_HAL_Driver/Src/stm32f3xx_hal_pwr.o
LOAD Drivers/STM32F3xx_HAL_Driver/Src/stm32f3xx_hal_pwr_ex.o
LOAD Drivers/STM32F3xx_HAL_Driver/Src/stm32f3xx_hal_rcc.o
LOAD Drivers/STM32F3xx_HAL_Driver/Src/stm32f3xx_hal_rcc_ex.o
LOAD Drivers/STM32F3xx_HAL_Driver/Src/stm32f3xx_hal_tim.o
LOAD Drivers/STM32F3xx_HAL_Driver/Src/stm32f3xx_hal_tim_ex.o
LOAD Drivers/STM32F3xx_HAL_Driver/Src/stm32f3xx_hal_uart.o
LOAD Drivers/STM32F3xx_HAL_Driver/Src/stm32f3xx_hal_uart_ex.o
LOAD Drivers/VL530X/core/src/vl53l0x_api.o
LOAD Drivers/VL530X/core/src/vl53l0x_api_calibration.o
LOAD Drivers/VL530X/core/src/vl53l0x_api_core.o
LOAD Drivers/VL530X/core/src/vl53l0x_api_ranging.o
LOAD Drivers/VL530X/core/src/vl53l0x_api_strings.o
LOAD Drivers/VL530X/platform/src/vl53l0x_platform.o
LOAD Drivers/VL530X/platform/src/vl53l0x_platform_log.o
START GROUP
LOAD /opt/st/stm32cubeide_1.4.0/plugins/com.st.stm32cube.ide.mcu.externaltools.gnu-tools-for-stm32.7-2018-q2-update.linux64_1.4.0.202007081208/tools/bin/../lib/gcc/arm-none-eabi/7.3.1/../../../../arm-none-eabi/lib/thumb/v7e-m/fpv4-sp/hard/libc_nano.a
LOAD /opt/st/stm32cubeide_1.4.0/plugins/com.st.stm32cube.ide.mcu.externaltools.gnu-tools-for-stm32.7-2018-q2-update.linux64_1.4.0.202007081208/tools/bin/../lib/gcc/arm-none-eabi/7.3.1/../../../../arm-none-eabi/lib/thumb/v7e-m/fpv4-sp/hard/libm.a
END GROUP
START GROUP
LOAD /opt/st/stm32cubeide_1.4.0/plugins/com.st.stm32cube.ide.mcu.externaltools.gnu-tools-for-stm32.7-2018-q2-update.linux64_1.4.0.202007081208/tools/bin/../lib/gcc/arm-none-eabi/7.3.1/thumb/v7e-m/fpv4-sp/hard/libgcc.a
LOAD /opt/st/stm32cubeide_1.4.0/plugins/com.st.stm32cube.ide.mcu.externaltools.gnu-tools-for-stm32.7-2018-q2-update.linux64_1.4.0.202007081208/tools/bin/../lib/gcc/arm-none-eabi/7.3.1/../../../../arm-none-eabi/lib/thumb/v7e-m/fpv4-sp/hard/libc_nano.a
END GROUP
START GROUP
LOAD /opt/st/stm32cubeide_1.4.0/plugins/com.st.stm32cube.ide.mcu.externaltools.gnu-tools-for-stm32.7-2018-q2-update.linux64_1.4.0.202007081208/tools/bin/../lib/gcc/arm-none-eabi/7.3.1/thumb/v7e-m/fpv4-sp/hard/libgcc.a
LOAD /opt/st/stm32cubeide_1.4.0/plugins/com.st.stm32cube.ide.mcu.externaltools.gnu-tools-for-stm32.7-2018-q2-update.linux64_1.4.0.202007081208/tools/bin/../lib/gcc/arm-none-eabi/7.3.1/../../../../arm-none-eabi/lib/thumb/v7e-m/fpv4-sp/hard/libc_nano.a
LOAD /opt/st/stm32cubeide_1.4.0/plugins/com.st.stm32cube.ide.mcu.externaltools.gnu-tools-for-stm32.7-2018-q2-update.linux64_1.4.0.202007081208/tools/bin/../lib/gcc/arm-none-eabi/7.3.1/../../../../arm-none-eabi/lib/thumb/v7e-m/fpv4-sp/hard/libnosys.a
END GROUP
START GROUP
LOAD /opt/st/stm32cubeide_1.4.0/plugins/com.st.stm32cube.ide.mcu.externaltools.gnu-tools-for-stm32.7-2018-q2-update.linux64_1.4.0.202007081208/tools/bin/../lib/gcc/arm-none-eabi/7.3.1/thumb/v7e-m/fpv4-sp/hard/libgcc.a
LOAD /opt/st/stm32cubeide_1.4.0/plugins/com.st.stm32cube.ide.mcu.externaltools.gnu-tools-for-stm32.7-2018-q2-update.linux64_1.4.0.202007081208/tools/bin/../lib/gcc/arm-none-eabi/7.3.1/../../../../arm-none-eabi/lib/thumb/v7e-m/fpv4-sp/hard/libc_nano.a
LOAD /opt/st/stm32cubeide_1.4.0/plugins/com.st.stm32cube.ide.mcu.externaltools.gnu-tools-for-stm32.7-2018-q2-update.linux64_1.4.0.202007081208/tools/bin/../lib/gcc/arm-none-eabi/7.3.1/../../../../arm-none-eabi/lib/thumb/v7e-m/fpv4-sp/hard/libnosys.a
END GROUP
LOAD /opt/st/stm32cubeide_1.4.0/plugins/com.st.stm32cube.ide.mcu.externaltools.gnu-tools-for-stm32.7-2018-q2-update.linux64_1.4.0.202007081208/tools/bin/../lib/gcc/arm-none-eabi/7.3.1/thumb/v7e-m/fpv4-sp/hard/crtend.o
LOAD /opt/st/stm32cubeide_1.4.0/plugins/com.st.stm32cube.ide.mcu.externaltools.gnu-tools-for-stm32.7-2018-q2-update.linux64_1.4.0.202007081208/tools/bin/../lib/gcc/arm-none-eabi/7.3.1/thumb/v7e-m/fpv4-sp/hard/crtn.o
                0x0000000020003000                _estack = (ORIGIN (RAM) + LENGTH (RAM))
                0x0000000000000200                _Min_Heap_Size = 0x200
                0x0000000000000400                _Min_Stack_Size = 0x400

.isr_vector     0x0000000008000000      0x188
                0x0000000008000000                . = ALIGN (0x4)
 *(.isr_vector)
 .isr_vector    0x0000000008000000      0x188 Core/Startup/startup_stm32f303k8tx.o
                0x0000000008000000                g_pfnVectors
                0x0000000008000188                . = ALIGN (0x4)

.text           0x0000000008000190     0x90e0
                0x0000000008000190                . = ALIGN (0x4)
 *(.text)
 .text          0x0000000008000190       0x40 /opt/st/stm32cubeide_1.4.0/plugins/com.st.stm32cube.ide.mcu.externaltools.gnu-tools-for-stm32.7-2018-q2-update.linux64_1.4.0.202007081208/tools/bin/../lib/gcc/arm-none-eabi/7.3.1/thumb/v7e-m/fpv4-sp/hard/crtbegin.o
 .text          0x00000000080001d0       0xa0 /opt/st/stm32cubeide_1.4.0/plugins/com.st.stm32cube.ide.mcu.externaltools.gnu-tools-for-stm32.7-2018-q2-update.linux64_1.4.0.202007081208/tools/bin/../lib/gcc/arm-none-eabi/7.3.1/../../../../arm-none-eabi/lib/thumb/v7e-m/fpv4-sp/hard/libc_nano.a(lib_a-memchr.o)
                0x00000000080001d0                memchr
 *(.text*)
 .text.main     0x0000000008000270      0x3ec Core/Src/main.o
                0x0000000008000270                main
 .text.SystemClock_Config
                0x000000000800065c       0xa4 Core/Src/main.o
                0x000000000800065c                SystemClock_Config
 .text.MX_I2C1_Init
                0x0000000008000700       0x7c Core/Src/main.o
 .text.MX_USART2_UART_Init
                0x000000000800077c       0x60 Core/Src/main.o
 .text.MX_GPIO_Init
                0x00000000080007dc      0x11c Core/Src/main.o
 .text.HAL_GPIO_EXTI_Callback
                0x00000000080008f8       0x38 Core/Src/main.o
                0x00000000080008f8                HAL_GPIO_EXTI_Callback
 .text.Error_Handler
                0x0000000008000930        0xe Core/Src/main.o
                0x0000000008000930                Error_Handler
 *fill*         0x000000000800093e        0x2 
 .text.HAL_MspInit
                0x0000000008000940       0x48 Core/Src/stm32f3xx_hal_msp.o
                0x0000000008000940                HAL_MspInit
 .text.HAL_I2C_MspInit
                0x0000000008000988       0x88 Core/Src/stm32f3xx_hal_msp.o
                0x0000000008000988                HAL_I2C_MspInit
 .text.HAL_UART_MspInit
                0x0000000008000a10       0x84 Core/Src/stm32f3xx_hal_msp.o
                0x0000000008000a10                HAL_UART_MspInit
 .text.NMI_Handler
                0x0000000008000a94        0xe Core/Src/stm32f3xx_it.o
                0x0000000008000a94                NMI_Handler
 .text.HardFault_Handler
                0x0000000008000aa2        0x6 Core/Src/stm32f3xx_it.o
                0x0000000008000aa2                HardFault_Handler
 .text.MemManage_Handler
                0x0000000008000aa8        0x6 Core/Src/stm32f3xx_it.o
                0x0000000008000aa8                MemManage_Handler
 .text.BusFault_Handler
                0x0000000008000aae        0x6 Core/Src/stm32f3xx_it.o
                0x0000000008000aae                BusFault_Handler
 .text.UsageFault_Handler
                0x0000000008000ab4        0x6 Core/Src/stm32f3xx_it.o
                0x0000000008000ab4                UsageFault_Handler
 .text.SVC_Handler
                0x0000000008000aba        0xe Core/Src/stm32f3xx_it.o
                0x0000000008000aba                SVC_Handler
 .text.DebugMon_Handler
                0x0000000008000ac8        0xe Core/Src/stm32f3xx_it.o
                0x0000000008000ac8                DebugMon_Handler
 .text.PendSV_Handler
                0x0000000008000ad6        0xe Core/Src/stm32f3xx_it.o
                0x0000000008000ad6                PendSV_Handler
 .text.SysTick_Handler
                0x0000000008000ae4        0xc Core/Src/stm32f3xx_it.o
                0x0000000008000ae4                SysTick_Handler
 .text.EXTI0_IRQHandler
                0x0000000008000af0        0xe Core/Src/stm32f3xx_it.o
                0x0000000008000af0                EXTI0_IRQHandler
 .text.EXTI15_10_IRQHandler
                0x0000000008000afe       0x10 Core/Src/stm32f3xx_it.o
                0x0000000008000afe                EXTI15_10_IRQHandler
 *fill*         0x0000000008000b0e        0x2 
 .text._sbrk    0x0000000008000b10       0x6c Core/Src/sysmem.o
                0x0000000008000b10                _sbrk
 .text.SystemInit
                0x0000000008000b7c       0x24 Core/Src/system_stm32f3xx.o
                0x0000000008000b7c                SystemInit
 .text.Reset_Handler
                0x0000000008000ba0       0x50 Core/Startup/startup_stm32f303k8tx.o
                0x0000000008000ba0                Reset_Handler
 .text.Default_Handler
                0x0000000008000bf0        0x2 Core/Startup/startup_stm32f303k8tx.o
                0x0000000008000bf0                RTC_Alarm_IRQHandler
                0x0000000008000bf0                TIM1_CC_IRQHandler
                0x0000000008000bf0                PVD_IRQHandler
                0x0000000008000bf0                TAMP_STAMP_IRQHandler
                0x0000000008000bf0                EXTI3_IRQHandler
                0x0000000008000bf0                FPU_IRQHandler
                0x0000000008000bf0                CAN_TX_IRQHandler
                0x0000000008000bf0                TIM1_UP_TIM16_IRQHandler
                0x0000000008000bf0                ADC1_2_IRQHandler
                0x0000000008000bf0                SPI1_IRQHandler
                0x0000000008000bf0                CAN_SCE_IRQHandler
                0x0000000008000bf0                DMA1_Channel4_IRQHandler
                0x0000000008000bf0                USART3_IRQHandler
                0x0000000008000bf0                DMA1_Channel7_IRQHandler
                0x0000000008000bf0                TIM7_DAC2_IRQHandler
                0x0000000008000bf0                CAN_RX1_IRQHandler
                0x0000000008000bf0                I2C1_EV_IRQHandler
                0x0000000008000bf0                DMA1_Channel6_IRQHandler
                0x0000000008000bf0                TIM3_IRQHandler
                0x0000000008000bf0                RCC_IRQHandler
                0x0000000008000bf0                DMA1_Channel1_IRQHandler
                0x0000000008000bf0                Default_Handler
                0x0000000008000bf0                COMP2_IRQHandler
                0x0000000008000bf0                TIM6_DAC1_IRQHandler
                0x0000000008000bf0                EXTI9_5_IRQHandler
                0x0000000008000bf0                RTC_WKUP_IRQHandler
                0x0000000008000bf0                DMA1_Channel5_IRQHandler
                0x0000000008000bf0                EXTI4_IRQHandler
                0x0000000008000bf0                TIM1_TRG_COM_TIM17_IRQHandler
                0x0000000008000bf0                DMA1_Channel3_IRQHandler
                0x0000000008000bf0                WWDG_IRQHandler
                0x0000000008000bf0                TIM2_IRQHandler
                0x0000000008000bf0                EXTI1_IRQHandler
                0x0000000008000bf0                COMP4_6_IRQHandler
                0x0000000008000bf0                USART2_IRQHandler
                0x0000000008000bf0                DMA1_Channel2_IRQHandler
                0x0000000008000bf0                FLASH_IRQHandler
                0x0000000008000bf0                USART1_IRQHandler
                0x0000000008000bf0                CAN_RX0_IRQHandler
                0x0000000008000bf0                I2C1_ER_IRQHandler
                0x0000000008000bf0                EXTI2_TSC_IRQHandler
                0x0000000008000bf0                TIM1_BRK_TIM15_IRQHandler
 *fill*         0x0000000008000bf2        0x2 
 .text.HAL_Init
                0x0000000008000bf4       0x2c Drivers/STM32F3xx_HAL_Driver/Src/stm32f3xx_hal.o
                0x0000000008000bf4                HAL_Init
 .text.HAL_InitTick
                0x0000000008000c20       0x60 Drivers/STM32F3xx_HAL_Driver/Src/stm32f3xx_hal.o
                0x0000000008000c20                HAL_InitTick
 .text.HAL_IncTick
                0x0000000008000c80       0x28 Drivers/STM32F3xx_HAL_Driver/Src/stm32f3xx_hal.o
                0x0000000008000c80                HAL_IncTick
 .text.HAL_GetTick
                0x0000000008000ca8       0x18 Drivers/STM32F3xx_HAL_Driver/Src/stm32f3xx_hal.o
                0x0000000008000ca8                HAL_GetTick
 .text.HAL_Delay
                0x0000000008000cc0       0x44 Drivers/STM32F3xx_HAL_Driver/Src/stm32f3xx_hal.o
                0x0000000008000cc0                HAL_Delay
 .text.__NVIC_SetPriorityGrouping
                0x0000000008000d04       0x48 Drivers/STM32F3xx_HAL_Driver/Src/stm32f3xx_hal_cortex.o
 .text.__NVIC_GetPriorityGrouping
                0x0000000008000d4c       0x1c Drivers/STM32F3xx_HAL_Driver/Src/stm32f3xx_hal_cortex.o
 .text.__NVIC_EnableIRQ
                0x0000000008000d68       0x3c Drivers/STM32F3xx_HAL_Driver/Src/stm32f3xx_hal_cortex.o
 .text.__NVIC_DisableIRQ
                0x0000000008000da4       0x44 Drivers/STM32F3xx_HAL_Driver/Src/stm32f3xx_hal_cortex.o
 .text.__NVIC_SetPriority
                0x0000000008000de8       0x54 Drivers/STM32F3xx_HAL_Driver/Src/stm32f3xx_hal_cortex.o
 .text.NVIC_EncodePriority
                0x0000000008000e3c       0x66 Drivers/STM32F3xx_HAL_Driver/Src/stm32f3xx_hal_cortex.o
 *fill*         0x0000000008000ea2        0x2 
 .text.SysTick_Config
                0x0000000008000ea4       0x44 Drivers/STM32F3xx_HAL_Driver/Src/stm32f3xx_hal_cortex.o
 .text.HAL_NVIC_SetPriorityGrouping
                0x0000000008000ee8       0x16 Drivers/STM32F3xx_HAL_Driver/Src/stm32f3xx_hal_cortex.o
                0x0000000008000ee8                HAL_NVIC_SetPriorityGrouping
 .text.HAL_NVIC_SetPriority
                0x0000000008000efe       0x38 Drivers/STM32F3xx_HAL_Driver/Src/stm32f3xx_hal_cortex.o
                0x0000000008000efe                HAL_NVIC_SetPriority
 .text.HAL_NVIC_EnableIRQ
                0x0000000008000f36       0x1c Drivers/STM32F3xx_HAL_Driver/Src/stm32f3xx_hal_cortex.o
                0x0000000008000f36                HAL_NVIC_EnableIRQ
 .text.HAL_NVIC_DisableIRQ
                0x0000000008000f52       0x1c Drivers/STM32F3xx_HAL_Driver/Src/stm32f3xx_hal_cortex.o
                0x0000000008000f52                HAL_NVIC_DisableIRQ
 .text.HAL_SYSTICK_Config
                0x0000000008000f6e       0x18 Drivers/STM32F3xx_HAL_Driver/Src/stm32f3xx_hal_cortex.o
                0x0000000008000f6e                HAL_SYSTICK_Config
 *fill*         0x0000000008000f86        0x2 
 .text.HAL_GPIO_Init
                0x0000000008000f88      0x2e4 Drivers/STM32F3xx_HAL_Driver/Src/stm32f3xx_hal_gpio.o
                0x0000000008000f88                HAL_GPIO_Init
 .text.HAL_GPIO_WritePin
                0x000000000800126c       0x30 Drivers/STM32F3xx_HAL_Driver/Src/stm32f3xx_hal_gpio.o
                0x000000000800126c                HAL_GPIO_WritePin
 .text.HAL_GPIO_TogglePin
                0x000000000800129c       0x34 Drivers/STM32F3xx_HAL_Driver/Src/stm32f3xx_hal_gpio.o
                0x000000000800129c                HAL_GPIO_TogglePin
 .text.HAL_GPIO_EXTI_IRQHandler
                0x00000000080012d0       0x30 Drivers/STM32F3xx_HAL_Driver/Src/stm32f3xx_hal_gpio.o
                0x00000000080012d0                HAL_GPIO_EXTI_IRQHandler
 .text.HAL_I2C_Init
                0x0000000008001300      0x11e Drivers/STM32F3xx_HAL_Driver/Src/stm32f3xx_hal_i2c.o
                0x0000000008001300                HAL_I2C_Init
 *fill*         0x000000000800141e        0x2 
 .text.HAL_I2C_Master_Transmit
                0x0000000008001420      0x1e8 Drivers/STM32F3xx_HAL_Driver/Src/stm32f3xx_hal_i2c.o
                0x0000000008001420                HAL_I2C_Master_Transmit
 .text.HAL_I2C_Master_Receive
                0x0000000008001608      0x1ec Drivers/STM32F3xx_HAL_Driver/Src/stm32f3xx_hal_i2c.o
                0x0000000008001608                HAL_I2C_Master_Receive
 .text.I2C_Flush_TXDR
                0x00000000080017f4       0x48 Drivers/STM32F3xx_HAL_Driver/Src/stm32f3xx_hal_i2c.o
 .text.I2C_WaitOnFlagUntilTimeout
                0x000000000800183c       0x80 Drivers/STM32F3xx_HAL_Driver/Src/stm32f3xx_hal_i2c.o
 .text.I2C_WaitOnTXISFlagUntilTimeout
                0x00000000080018bc       0x80 Drivers/STM32F3xx_HAL_Driver/Src/stm32f3xx_hal_i2c.o
 .text.I2C_WaitOnSTOPFlagUntilTimeout
                0x000000000800193c       0x78 Drivers/STM32F3xx_HAL_Driver/Src/stm32f3xx_hal_i2c.o
 .text.I2C_WaitOnRXNEFlagUntilTimeout
                0x00000000080019b4       0xd8 Drivers/STM32F3xx_HAL_Driver/Src/stm32f3xx_hal_i2c.o
 .text.I2C_IsAcknowledgeFailed
                0x0000000008001a8c       0xec Drivers/STM32F3xx_HAL_Driver/Src/stm32f3xx_hal_i2c.o
 .text.I2C_TransferConfig
                0x0000000008001b78       0x5c Drivers/STM32F3xx_HAL_Driver/Src/stm32f3xx_hal_i2c.o
 .text.HAL_I2CEx_ConfigAnalogFilter
                0x0000000008001bd4       0x96 Drivers/STM32F3xx_HAL_Driver/Src/stm32f3xx_hal_i2c_ex.o
                0x0000000008001bd4                HAL_I2CEx_ConfigAnalogFilter
 .text.HAL_I2CEx_ConfigDigitalFilter
                0x0000000008001c6a       0x98 Drivers/STM32F3xx_HAL_Driver/Src/stm32f3xx_hal_i2c_ex.o
                0x0000000008001c6a                HAL_I2CEx_ConfigDigitalFilter
 *fill*         0x0000000008001d02        0x2 
 .text.HAL_RCC_OscConfig
                0x0000000008001d04      0xe10 Drivers/STM32F3xx_HAL_Driver/Src/stm32f3xx_hal_rcc.o
                0x0000000008001d04                HAL_RCC_OscConfig
 .text.HAL_RCC_ClockConfig
                0x0000000008002b14      0x2f8 Drivers/STM32F3xx_HAL_Driver/Src/stm32f3xx_hal_rcc.o
                0x0000000008002b14                HAL_RCC_ClockConfig
 .text.HAL_RCC_GetSysClockFreq
                0x0000000008002e0c       0xd4 Drivers/STM32F3xx_HAL_Driver/Src/stm32f3xx_hal_rcc.o
                0x0000000008002e0c                HAL_RCC_GetSysClockFreq
 .text.HAL_RCC_GetHCLKFreq
                0x0000000008002ee0       0x18 Drivers/STM32F3xx_HAL_Driver/Src/stm32f3xx_hal_rcc.o
                0x0000000008002ee0                HAL_RCC_GetHCLKFreq
 .text.HAL_RCC_GetPCLK1Freq
                0x0000000008002ef8       0x44 Drivers/STM32F3xx_HAL_Driver/Src/stm32f3xx_hal_rcc.o
                0x0000000008002ef8                HAL_RCC_GetPCLK1Freq
 .text.HAL_RCC_GetPCLK2Freq
                0x0000000008002f3c       0x44 Drivers/STM32F3xx_HAL_Driver/Src/stm32f3xx_hal_rcc.o
                0x0000000008002f3c                HAL_RCC_GetPCLK2Freq
 .text.HAL_RCCEx_PeriphCLKConfig
                0x0000000008002f80      0x24c Drivers/STM32F3xx_HAL_Driver/Src/stm32f3xx_hal_rcc_ex.o
                0x0000000008002f80                HAL_RCCEx_PeriphCLKConfig
 .text.HAL_UART_Init
                0x00000000080031cc       0x9c Drivers/STM32F3xx_HAL_Driver/Src/stm32f3xx_hal_uart.o
                0x00000000080031cc                HAL_UART_Init
 .text.HAL_UART_Transmit
                0x0000000008003268      0x128 Drivers/STM32F3xx_HAL_Driver/Src/stm32f3xx_hal_uart.o
                0x0000000008003268                HAL_UART_Transmit
 .text.UART_SetConfig
                0x0000000008003390      0x270 Drivers/STM32F3xx_HAL_Driver/Src/stm32f3xx_hal_uart.o
                0x0000000008003390                UART_SetConfig
 .text.UART_AdvFeatureConfig
                0x0000000008003600      0x144 Drivers/STM32F3xx_HAL_Driver/Src/stm32f3xx_hal_uart.o
                0x0000000008003600                UART_AdvFeatureConfig
 .text.UART_CheckIdleState
                0x0000000008003744       0x92 Drivers/STM32F3xx_HAL_Driver/Src/stm32f3xx_hal_uart.o
                0x0000000008003744                UART_CheckIdleState
 .text.UART_WaitOnFlagUntilTimeout
                0x00000000080037d6      0x188 Drivers/STM32F3xx_HAL_Driver/Src/stm32f3xx_hal_uart.o
                0x00000000080037d6                UART_WaitOnFlagUntilTimeout
 .text.VL53L0X_GetOffsetCalibrationDataMicroMeter
                0x000000000800395e       0x26 Drivers/VL530X/core/src/vl53l0x_api.o
                0x000000000800395e                VL53L0X_GetOffsetCalibrationDataMicroMeter
 .text.VL53L0X_SetDeviceAddress
                0x0000000008003984       0x30 Drivers/VL530X/core/src/vl53l0x_api.o
                0x0000000008003984                VL53L0X_SetDeviceAddress
 .text.VL53L0X_DataInit
                0x00000000080039b4      0x2c8 Drivers/VL530X/core/src/vl53l0x_api.o
                0x00000000080039b4                VL53L0X_DataInit
 .text.VL53L0X_StaticInit
                0x0000000008003c7c      0x304 Drivers/VL530X/core/src/vl53l0x_api.o
                0x0000000008003c7c                VL53L0X_StaticInit
 .text.VL53L0X_WaitDeviceBooted
                0x0000000008003f80       0x1c Drivers/VL530X/core/src/vl53l0x_api.o
                0x0000000008003f80                VL53L0X_WaitDeviceBooted
 .text.VL53L0X_GetDeviceParameters
                0x0000000008003f9c      0x120 Drivers/VL530X/core/src/vl53l0x_api.o
                0x0000000008003f9c                VL53L0X_GetDeviceParameters
 .text.VL53L0X_SetDeviceMode
                0x00000000080040bc       0x90 Drivers/VL530X/core/src/vl53l0x_api.o
                0x00000000080040bc                VL53L0X_SetDeviceMode
 .text.VL53L0X_GetDeviceMode
                0x000000000800414c       0x26 Drivers/VL530X/core/src/vl53l0x_api.o
                0x000000000800414c                VL53L0X_GetDeviceMode
 .text.VL53L0X_GetFractionEnable
                0x0000000008004172       0x3e Drivers/VL530X/core/src/vl53l0x_api.o
                0x0000000008004172                VL53L0X_GetFractionEnable
 .text.VL53L0X_SetMeasurementTimingBudgetMicroSeconds
                0x00000000080041b0       0x26 Drivers/VL530X/core/src/vl53l0x_api.o
                0x00000000080041b0                VL53L0X_SetMeasurementTimingBudgetMicroSeconds
 .text.VL53L0X_GetMeasurementTimingBudgetMicroSeconds
                0x00000000080041d6       0x26 Drivers/VL530X/core/src/vl53l0x_api.o
                0x00000000080041d6                VL53L0X_GetMeasurementTimingBudgetMicroSeconds
 .text.VL53L0X_SetVcselPulsePeriod
                0x00000000080041fc       0x30 Drivers/VL530X/core/src/vl53l0x_api.o
                0x00000000080041fc                VL53L0X_SetVcselPulsePeriod
 .text.VL53L0X_GetVcselPulsePeriod
                0x000000000800422c       0x2e Drivers/VL530X/core/src/vl53l0x_api.o
                0x000000000800422c                VL53L0X_GetVcselPulsePeriod
 *fill*         0x000000000800425a        0x2 
 .text.VL53L0X_SetSequenceStepEnable
                0x000000000800425c      0x144 Drivers/VL530X/core/src/vl53l0x_api.o
                0x000000000800425c                VL53L0X_SetSequenceStepEnable
 .text.sequence_step_enabled
                0x00000000080043a0       0xa4 Drivers/VL530X/core/src/vl53l0x_api.o
                0x00000000080043a0                sequence_step_enabled
 .text.VL53L0X_GetSequenceStepEnables
                0x0000000008004444       0xb0 Drivers/VL530X/core/src/vl53l0x_api.o
                0x0000000008004444                VL53L0X_GetSequenceStepEnables
 .text.VL53L0X_GetInterMeasurementPeriodMilliSeconds
                0x00000000080044f4       0x68 Drivers/VL530X/core/src/vl53l0x_api.o
                0x00000000080044f4                VL53L0X_GetInterMeasurementPeriodMilliSeconds
 .text.VL53L0X_GetXTalkCompensationEnable
                0x000000000800455c       0x2a Drivers/VL530X/core/src/vl53l0x_api.o
                0x000000000800455c                VL53L0X_GetXTalkCompensationEnable
 .text.VL53L0X_GetXTalkCompensationRateMegaCps
                0x0000000008004586       0x66 Drivers/VL530X/core/src/vl53l0x_api.o
                0x0000000008004586                VL53L0X_GetXTalkCompensationRateMegaCps
 .text.VL53L0X_SetLimitCheckEnable
                0x00000000080045ec      0x118 Drivers/VL530X/core/src/vl53l0x_api.o
                0x00000000080045ec                VL53L0X_SetLimitCheckEnable
 .text.VL53L0X_GetLimitCheckEnable
                0x0000000008004704       0x46 Drivers/VL530X/core/src/vl53l0x_api.o
                0x0000000008004704                VL53L0X_GetLimitCheckEnable
 *fill*         0x000000000800474a        0x2 
 .text.VL53L0X_SetLimitCheckValue
                0x000000000800474c       0xc4 Drivers/VL530X/core/src/vl53l0x_api.o
                0x000000000800474c                VL53L0X_SetLimitCheckValue
 .text.VL53L0X_GetLimitCheckValue
                0x0000000008004810      0x11c Drivers/VL530X/core/src/vl53l0x_api.o
                0x0000000008004810                VL53L0X_GetLimitCheckValue
 .text.VL53L0X_GetWrapAroundCheckEnable
                0x000000000800492c       0x64 Drivers/VL530X/core/src/vl53l0x_api.o
                0x000000000800492c                VL53L0X_GetWrapAroundCheckEnable
 .text.VL53L0X_PerformSingleMeasurement
                0x0000000008004990       0x68 Drivers/VL530X/core/src/vl53l0x_api.o
                0x0000000008004990                VL53L0X_PerformSingleMeasurement
 .text.VL53L0X_PerformRefCalibration
                0x00000000080049f8       0x2c Drivers/VL530X/core/src/vl53l0x_api.o
                0x00000000080049f8                VL53L0X_PerformRefCalibration
 .text.VL53L0X_CheckAndLoadInterruptSettings
                0x0000000008004a24       0xcc Drivers/VL530X/core/src/vl53l0x_api.o
                0x0000000008004a24                VL53L0X_CheckAndLoadInterruptSettings
 .text.VL53L0X_StartMeasurement
                0x0000000008004af0      0x17e Drivers/VL530X/core/src/vl53l0x_api.o
                0x0000000008004af0                VL53L0X_StartMeasurement
 .text.VL53L0X_GetMeasurementDataReady
                0x0000000008004c6e       0x80 Drivers/VL530X/core/src/vl53l0x_api.o
                0x0000000008004c6e                VL53L0X_GetMeasurementDataReady
 *fill*         0x0000000008004cee        0x2 
 .text.VL53L0X_GetRangingMeasurementData
                0x0000000008004cf0      0x24c Drivers/VL530X/core/src/vl53l0x_api.o
                0x0000000008004cf0                VL53L0X_GetRangingMeasurementData
 .text.VL53L0X_PerformSingleRangingMeasurement
                0x0000000008004f3c       0x60 Drivers/VL530X/core/src/vl53l0x_api.o
                0x0000000008004f3c                VL53L0X_PerformSingleRangingMeasurement
 .text.VL53L0X_SetGpioConfig
                0x0000000008004f9c      0x248 Drivers/VL530X/core/src/vl53l0x_api.o
                0x0000000008004f9c                VL53L0X_SetGpioConfig
 .text.VL53L0X_GetInterruptThresholds
                0x00000000080051e4       0x6c Drivers/VL530X/core/src/vl53l0x_api.o
                0x00000000080051e4                VL53L0X_GetInterruptThresholds
 .text.VL53L0X_ClearInterruptMask
                0x0000000008005250       0x80 Drivers/VL530X/core/src/vl53l0x_api.o
                0x0000000008005250                VL53L0X_ClearInterruptMask
 .text.VL53L0X_GetInterruptMaskStatus
                0x00000000080052d0       0x44 Drivers/VL530X/core/src/vl53l0x_api.o
                0x00000000080052d0                VL53L0X_GetInterruptMaskStatus
 .text.VL53L0X_PerformRefSpadManagement
                0x0000000008005314       0x2a Drivers/VL530X/core/src/vl53l0x_api.o
                0x0000000008005314                VL53L0X_PerformRefSpadManagement
 .text.VL53L0X_get_offset_calibration_data_micro_meter
                0x000000000800533e       0x7e Drivers/VL530X/core/src/vl53l0x_api_calibration.o
                0x000000000800533e                VL53L0X_get_offset_calibration_data_micro_meter
 .text.get_next_good_spad
                0x00000000080053bc       0xbc Drivers/VL530X/core/src/vl53l0x_api_calibration.o
                0x00000000080053bc                get_next_good_spad
 .text.is_aperture
                0x0000000008005478       0x34 Drivers/VL530X/core/src/vl53l0x_api_calibration.o
                0x0000000008005478                is_aperture
 .text.enable_spad_bit
                0x00000000080054ac       0x70 Drivers/VL530X/core/src/vl53l0x_api_calibration.o
                0x00000000080054ac                enable_spad_bit
 .text.set_ref_spad_map
                0x000000000800551c       0x26 Drivers/VL530X/core/src/vl53l0x_api_calibration.o
                0x000000000800551c                set_ref_spad_map
 .text.get_ref_spad_map
                0x0000000008005542       0x26 Drivers/VL530X/core/src/vl53l0x_api_calibration.o
                0x0000000008005542                get_ref_spad_map
 .text.enable_ref_spads
                0x0000000008005568       0xf8 Drivers/VL530X/core/src/vl53l0x_api_calibration.o
                0x0000000008005568                enable_ref_spads
 .text.perform_ref_signal_measurement
                0x0000000008005660       0xd4 Drivers/VL530X/core/src/vl53l0x_api_calibration.o
                0x0000000008005660                perform_ref_signal_measurement
 .text.VL53L0X_perform_ref_spad_management
                0x0000000008005734      0x418 Drivers/VL530X/core/src/vl53l0x_api_calibration.o
                0x0000000008005734                VL53L0X_perform_ref_spad_management
 .text.VL53L0X_set_reference_spads
                0x0000000008005b4c      0x14a Drivers/VL530X/core/src/vl53l0x_api_calibration.o
                0x0000000008005b4c                VL53L0X_set_reference_spads
 .text.VL53L0X_perform_single_ref_calibration
                0x0000000008005c96       0x76 Drivers/VL530X/core/src/vl53l0x_api_calibration.o
                0x0000000008005c96                VL53L0X_perform_single_ref_calibration
 .text.VL53L0X_ref_calibration_io
                0x0000000008005d0c      0x132 Drivers/VL530X/core/src/vl53l0x_api_calibration.o
                0x0000000008005d0c                VL53L0X_ref_calibration_io
 .text.VL53L0X_perform_vhv_calibration
                0x0000000008005e3e       0xce Drivers/VL530X/core/src/vl53l0x_api_calibration.o
                0x0000000008005e3e                VL53L0X_perform_vhv_calibration
 .text.VL53L0X_perform_phase_calibration
                0x0000000008005f0c       0xca Drivers/VL530X/core/src/vl53l0x_api_calibration.o
                0x0000000008005f0c                VL53L0X_perform_phase_calibration
 .text.VL53L0X_perform_ref_calibration
                0x0000000008005fd6       0x7a Drivers/VL530X/core/src/vl53l0x_api_calibration.o
                0x0000000008005fd6                VL53L0X_perform_ref_calibration
 .text.VL53L0X_measurement_poll_for_completion
                0x0000000008006050       0x60 Drivers/VL530X/core/src/vl53l0x_api_core.o
                0x0000000008006050                VL53L0X_measurement_poll_for_completion
 .text.VL53L0X_decode_vcsel_period
                0x00000000080060b0       0x26 Drivers/VL530X/core/src/vl53l0x_api_core.o
                0x00000000080060b0                VL53L0X_decode_vcsel_period
 .text.VL53L0X_encode_vcsel_period
                0x00000000080060d6       0x26 Drivers/VL530X/core/src/vl53l0x_api_core.o
                0x00000000080060d6                VL53L0X_encode_vcsel_period
 .text.VL53L0X_isqrt
                0x00000000080060fc       0x68 Drivers/VL530X/core/src/vl53l0x_api_core.o
                0x00000000080060fc                VL53L0X_isqrt
 .text.VL53L0X_device_read_strobe
                0x0000000008006164       0x86 Drivers/VL530X/core/src/vl53l0x_api_core.o
                0x0000000008006164                VL53L0X_device_read_strobe
 .text.VL53L0X_get_info_from_device
                0x00000000080061ea      0x99a Drivers/VL530X/core/src/vl53l0x_api_core.o
                0x00000000080061ea                VL53L0X_get_info_from_device
 .text.VL53L0X_calc_macro_period_ps
                0x0000000008006b84       0x3a Drivers/VL530X/core/src/vl53l0x_api_core.o
                0x0000000008006b84                VL53L0X_calc_macro_period_ps
 .text.VL53L0X_encode_timeout
                0x0000000008006bbe       0x58 Drivers/VL530X/core/src/vl53l0x_api_core.o
                0x0000000008006bbe                VL53L0X_encode_timeout
 .text.VL53L0X_decode_timeout
                0x0000000008006c16       0x2c Drivers/VL530X/core/src/vl53l0x_api_core.o
                0x0000000008006c16                VL53L0X_decode_timeout
 *fill*         0x0000000008006c42        0x2 
 .text.VL53L0X_calc_timeout_mclks
                0x0000000008006c44       0x54 Drivers/VL530X/core/src/vl53l0x_api_core.o
                0x0000000008006c44                VL53L0X_calc_timeout_mclks
 .text.VL53L0X_calc_timeout_us
                0x0000000008006c98       0x54 Drivers/VL530X/core/src/vl53l0x_api_core.o
                0x0000000008006c98                VL53L0X_calc_timeout_us
 .text.get_sequence_step_timeout
                0x0000000008006cec      0x1c2 Drivers/VL530X/core/src/vl53l0x_api_core.o
                0x0000000008006cec                get_sequence_step_timeout
 .text.set_sequence_step_timeout
                0x0000000008006eae      0x1e4 Drivers/VL530X/core/src/vl53l0x_api_core.o
                0x0000000008006eae                set_sequence_step_timeout
 .text.VL53L0X_set_vcsel_pulse_period
                0x0000000008007092      0x512 Drivers/VL530X/core/src/vl53l0x_api_core.o
                0x0000000008007092                VL53L0X_set_vcsel_pulse_period
 .text.VL53L0X_get_vcsel_pulse_period
                0x00000000080075a4       0x6e Drivers/VL530X/core/src/vl53l0x_api_core.o
                0x00000000080075a4                VL53L0X_get_vcsel_pulse_period
 .text.VL53L0X_set_measurement_timing_budget_micro_seconds
                0x0000000008007612      0x1c0 Drivers/VL530X/core/src/vl53l0x_api_core.o
                0x0000000008007612                VL53L0X_set_measurement_timing_budget_micro_seconds
 .text.VL53L0X_get_measurement_timing_budget_micro_seconds
                0x00000000080077d2      0x162 Drivers/VL530X/core/src/vl53l0x_api_core.o
                0x00000000080077d2                VL53L0X_get_measurement_timing_budget_micro_seconds
 .text.VL53L0X_load_tuning_settings
                0x0000000008007934      0x1c4 Drivers/VL530X/core/src/vl53l0x_api_core.o
                0x0000000008007934                VL53L0X_load_tuning_settings
 .text.VL53L0X_get_total_xtalk_rate
                0x0000000008007af8       0x5e Drivers/VL530X/core/src/vl53l0x_api_core.o
                0x0000000008007af8                VL53L0X_get_total_xtalk_rate
 .text.VL53L0X_get_total_signal_rate
                0x0000000008007b56       0x4a Drivers/VL530X/core/src/vl53l0x_api_core.o
                0x0000000008007b56                VL53L0X_get_total_signal_rate
 .text.VL53L0X_calc_dmax
                0x0000000008007ba0      0x240 Drivers/VL530X/core/src/vl53l0x_api_core.o
                0x0000000008007ba0                VL53L0X_calc_dmax
 .text.VL53L0X_calc_sigma_estimate
                0x0000000008007de0      0x4a4 Drivers/VL530X/core/src/vl53l0x_api_core.o
                0x0000000008007de0                VL53L0X_calc_sigma_estimate
 .text.VL53L0X_get_pal_range_status
                0x0000000008008284      0x3b6 Drivers/VL530X/core/src/vl53l0x_api_core.o
                0x0000000008008284                VL53L0X_get_pal_range_status
 .text._I2CWrite
                0x000000000800863a       0x3e Drivers/VL530X/platform/src/vl53l0x_platform.o
                0x000000000800863a                _I2CWrite
 .text._I2CRead
                0x0000000008008678       0x44 Drivers/VL530X/platform/src/vl53l0x_platform.o
                0x0000000008008678                _I2CRead
 .text.VL53L0X_WriteMulti
                0x00000000080086bc       0x60 Drivers/VL530X/platform/src/vl53l0x_platform.o
                0x00000000080086bc                VL53L0X_WriteMulti
 .text.VL53L0X_ReadMulti
                0x000000000800871c       0x56 Drivers/VL530X/platform/src/vl53l0x_platform.o
                0x000000000800871c                VL53L0X_ReadMulti
 *fill*         0x0000000008008772        0x2 
 .text.VL53L0X_WrByte
                0x0000000008008774       0x48 Drivers/VL530X/platform/src/vl53l0x_platform.o
                0x0000000008008774                VL53L0X_WrByte
 .text.VL53L0X_WrWord
                0x00000000080087bc       0x54 Drivers/VL530X/platform/src/vl53l0x_platform.o
                0x00000000080087bc                VL53L0X_WrWord
 .text.VL53L0X_UpdateByte
                0x0000000008008810       0x68 Drivers/VL530X/platform/src/vl53l0x_platform.o
                0x0000000008008810                VL53L0X_UpdateByte
 .text.VL53L0X_RdByte
                0x0000000008008878       0x54 Drivers/VL530X/platform/src/vl53l0x_platform.o
                0x0000000008008878                VL53L0X_RdByte
 .text.VL53L0X_RdWord
                0x00000000080088cc       0x70 Drivers/VL530X/platform/src/vl53l0x_platform.o
                0x00000000080088cc                VL53L0X_RdWord
 .text.VL53L0X_RdDWord
                0x000000000800893c       0x78 Drivers/VL530X/platform/src/vl53l0x_platform.o
                0x000000000800893c                VL53L0X_RdDWord
 .text.VL53L0X_PollingDelay
                0x00000000080089b4       0x1e Drivers/VL530X/platform/src/vl53l0x_platform.o
                0x00000000080089b4                VL53L0X_PollingDelay
 *fill*         0x00000000080089d2        0x2 
 .text.__errno  0x00000000080089d4        0xc /opt/st/stm32cubeide_1.4.0/plugins/com.st.stm32cube.ide.mcu.externaltools.gnu-tools-for-stm32.7-2018-q2-update.linux64_1.4.0.202007081208/tools/bin/../lib/gcc/arm-none-eabi/7.3.1/../../../../arm-none-eabi/lib/thumb/v7e-m/fpv4-sp/hard/libc_nano.a(lib_a-errno.o)
                0x00000000080089d4                __errno
 .text.__libc_init_array
                0x00000000080089e0       0x48 /opt/st/stm32cubeide_1.4.0/plugins/com.st.stm32cube.ide.mcu.externaltools.gnu-tools-for-stm32.7-2018-q2-update.linux64_1.4.0.202007081208/tools/bin/../lib/gcc/arm-none-eabi/7.3.1/../../../../arm-none-eabi/lib/thumb/v7e-m/fpv4-sp/hard/libc_nano.a(lib_a-init.o)
                0x00000000080089e0                __libc_init_array
 .text.memcpy   0x0000000008008a28       0x16 /opt/st/stm32cubeide_1.4.0/plugins/com.st.stm32cube.ide.mcu.externaltools.gnu-tools-for-stm32.7-2018-q2-update.linux64_1.4.0.202007081208/tools/bin/../lib/gcc/arm-none-eabi/7.3.1/../../../../arm-none-eabi/lib/thumb/v7e-m/fpv4-sp/hard/libc_nano.a(lib_a-memcpy-stub.o)
                0x0000000008008a28                memcpy
 .text.memset   0x0000000008008a3e       0x10 /opt/st/stm32cubeide_1.4.0/plugins/com.st.stm32cube.ide.mcu.externaltools.gnu-tools-for-stm32.7-2018-q2-update.linux64_1.4.0.202007081208/tools/bin/../lib/gcc/arm-none-eabi/7.3.1/../../../../arm-none-eabi/lib/thumb/v7e-m/fpv4-sp/hard/libc_nano.a(lib_a-memset.o)
                0x0000000008008a3e                memset
 *fill*         0x0000000008008a4e        0x2 
 .text.sprintf  0x0000000008008a50       0x40 /opt/st/stm32cubeide_1.4.0/plugins/com.st.stm32cube.ide.mcu.externaltools.gnu-tools-for-stm32.7-2018-q2-update.linux64_1.4.0.202007081208/tools/bin/../lib/gcc/arm-none-eabi/7.3.1/../../../../arm-none-eabi/lib/thumb/v7e-m/fpv4-sp/hard/libc_nano.a(lib_a-sprintf.o)
                0x0000000008008a50                sprintf
                0x0000000008008a50                siprintf
 .text.strcpy   0x0000000008008a90       0x10 /opt/st/stm32cubeide_1.4.0/plugins/com.st.stm32cube.ide.mcu.externaltools.gnu-tools-for-stm32.7-2018-q2-update.linux64_1.4.0.202007081208/tools/bin/../lib/gcc/arm-none-eabi/7.3.1/../../../../arm-none-eabi/lib/thumb/v7e-m/fpv4-sp/hard/libc_nano.a(lib_a-strcpy.o)
                0x0000000008008a90                strcpy
 .text.__ssputs_r
                0x0000000008008aa0       0xb4 /opt/st/stm32cubeide_1.4.0/plugins/com.st.stm32cube.ide.mcu.externaltools.gnu-tools-for-stm32.7-2018-q2-update.linux64_1.4.0.202007081208/tools/bin/../lib/gcc/arm-none-eabi/7.3.1/../../../../arm-none-eabi/lib/thumb/v7e-m/fpv4-sp/hard/libc_nano.a(lib_a-nano-svfprintf.o)
                0x0000000008008aa0                __ssputs_r
 .text._svfprintf_r
                0x0000000008008b54      0x1f0 /opt/st/stm32cubeide_1.4.0/plugins/com.st.stm32cube.ide.mcu.externaltools.gnu-tools-for-stm32.7-2018-q2-update.linux64_1.4.0.202007081208/tools/bin/../lib/gcc/arm-none-eabi/7.3.1/../../../../arm-none-eabi/lib/thumb/v7e-m/fpv4-sp/hard/libc_nano.a(lib_a-nano-svfprintf.o)
                0x0000000008008b54                _svfprintf_r
                0x0000000008008b54                _svfiprintf_r
 .text._printf_common
                0x0000000008008d44       0xea /opt/st/stm32cubeide_1.4.0/plugins/com.st.stm32cube.ide.mcu.externaltools.gnu-tools-for-stm32.7-2018-q2-update.linux64_1.4.0.202007081208/tools/bin/../lib/gcc/arm-none-eabi/7.3.1/../../../../arm-none-eabi/lib/thumb/v7e-m/fpv4-sp/hard/libc_nano.a(lib_a-nano-vfprintf_i.o)
                0x0000000008008d44                _printf_common
 *fill*         0x0000000008008e2e        0x2 
 .text._printf_i
                0x0000000008008e30      0x224 /opt/st/stm32cubeide_1.4.0/plugins/com.st.stm32cube.ide.mcu.externaltools.gnu-tools-for-stm32.7-2018-q2-update.linux64_1.4.0.202007081208/tools/bin/../lib/gcc/arm-none-eabi/7.3.1/../../../../arm-none-eabi/lib/thumb/v7e-m/fpv4-sp/hard/libc_nano.a(lib_a-nano-vfprintf_i.o)
                0x0000000008008e30                _printf_i
 .text.memmove  0x0000000008009054       0x32 /opt/st/stm32cubeide_1.4.0/plugins/com.st.stm32cube.ide.mcu.externaltools.gnu-tools-for-stm32.7-2018-q2-update.linux64_1.4.0.202007081208/tools/bin/../lib/gcc/arm-none-eabi/7.3.1/../../../../arm-none-eabi/lib/thumb/v7e-m/fpv4-sp/hard/libc_nano.a(lib_a-memmove.o)
                0x0000000008009054                memmove
 *fill*         0x0000000008009086        0x2 
 .text._free_r  0x0000000008009088       0x9c /opt/st/stm32cubeide_1.4.0/plugins/com.st.stm32cube.ide.mcu.externaltools.gnu-tools-for-stm32.7-2018-q2-update.linux64_1.4.0.202007081208/tools/bin/../lib/gcc/arm-none-eabi/7.3.1/../../../../arm-none-eabi/lib/thumb/v7e-m/fpv4-sp/hard/libc_nano.a(lib_a-nano-freer.o)
                0x0000000008009088                _free_r
 .text._malloc_r
                0x0000000008009124       0xb4 /opt/st/stm32cubeide_1.4.0/plugins/com.st.stm32cube.ide.mcu.externaltools.gnu-tools-for-stm32.7-2018-q2-update.linux64_1.4.0.202007081208/tools/bin/../lib/gcc/arm-none-eabi/7.3.1/../../../../arm-none-eabi/lib/thumb/v7e-m/fpv4-sp/hard/libc_nano.a(lib_a-nano-mallocr.o)
                0x0000000008009124                _malloc_r
 .text._realloc_r
                0x00000000080091d8       0x4c /opt/st/stm32cubeide_1.4.0/plugins/com.st.stm32cube.ide.mcu.externaltools.gnu-tools-for-stm32.7-2018-q2-update.linux64_1.4.0.202007081208/tools/bin/../lib/gcc/arm-none-eabi/7.3.1/../../../../arm-none-eabi/lib/thumb/v7e-m/fpv4-sp/hard/libc_nano.a(lib_a-nano-reallocr.o)
                0x00000000080091d8                _realloc_r
 .text._sbrk_r  0x0000000008009224       0x20 /opt/st/stm32cubeide_1.4.0/plugins/com.st.stm32cube.ide.mcu.externaltools.gnu-tools-for-stm32.7-2018-q2-update.linux64_1.4.0.202007081208/tools/bin/../lib/gcc/arm-none-eabi/7.3.1/../../../../arm-none-eabi/lib/thumb/v7e-m/fpv4-sp/hard/libc_nano.a(lib_a-sbrkr.o)
                0x0000000008009224                _sbrk_r
 .text.__malloc_lock
                0x0000000008009244        0x2 /opt/st/stm32cubeide_1.4.0/plugins/com.st.stm32cube.ide.mcu.externaltools.gnu-tools-for-stm32.7-2018-q2-update.linux64_1.4.0.202007081208/tools/bin/../lib/gcc/arm-none-eabi/7.3.1/../../../../arm-none-eabi/lib/thumb/v7e-m/fpv4-sp/hard/libc_nano.a(lib_a-mlock.o)
                0x0000000008009244                __malloc_lock
 .text.__malloc_unlock
                0x0000000008009246        0x2 /opt/st/stm32cubeide_1.4.0/plugins/com.st.stm32cube.ide.mcu.externaltools.gnu-tools-for-stm32.7-2018-q2-update.linux64_1.4.0.202007081208/tools/bin/../lib/gcc/arm-none-eabi/7.3.1/../../../../arm-none-eabi/lib/thumb/v7e-m/fpv4-sp/hard/libc_nano.a(lib_a-mlock.o)
                0x0000000008009246                __malloc_unlock
 .text._malloc_usable_size_r
                0x0000000008009248       0x10 /opt/st/stm32cubeide_1.4.0/plugins/com.st.stm32cube.ide.mcu.externaltools.gnu-tools-for-stm32.7-2018-q2-update.linux64_1.4.0.202007081208/tools/bin/../lib/gcc/arm-none-eabi/7.3.1/../../../../arm-none-eabi/lib/thumb/v7e-m/fpv4-sp/hard/libc_nano.a(lib_a-nano-msizer.o)
                0x0000000008009248                _malloc_usable_size_r
 *(.glue_7)
 .glue_7        0x0000000008009258        0x0 linker stubs
 *(.glue_7t)
 .glue_7t       0x0000000008009258        0x0 linker stubs
 *(.eh_frame)
 .eh_frame      0x0000000008009258        0x0 /opt/st/stm32cubeide_1.4.0/plugins/com.st.stm32cube.ide.mcu.externaltools.gnu-tools-for-stm32.7-2018-q2-update.linux64_1.4.0.202007081208/tools/bin/../lib/gcc/arm-none-eabi/7.3.1/thumb/v7e-m/fpv4-sp/hard/crtbegin.o
 *(.init)
 .init          0x0000000008009258        0x4 /opt/st/stm32cubeide_1.4.0/plugins/com.st.stm32cube.ide.mcu.externaltools.gnu-tools-for-stm32.7-2018-q2-update.linux64_1.4.0.202007081208/tools/bin/../lib/gcc/arm-none-eabi/7.3.1/thumb/v7e-m/fpv4-sp/hard/crti.o
                0x0000000008009258                _init
 .init          0x000000000800925c        0x8 /opt/st/stm32cubeide_1.4.0/plugins/com.st.stm32cube.ide.mcu.externaltools.gnu-tools-for-stm32.7-2018-q2-update.linux64_1.4.0.202007081208/tools/bin/../lib/gcc/arm-none-eabi/7.3.1/thumb/v7e-m/fpv4-sp/hard/crtn.o
 *(.fini)
 .fini          0x0000000008009264        0x4 /opt/st/stm32cubeide_1.4.0/plugins/com.st.stm32cube.ide.mcu.externaltools.gnu-tools-for-stm32.7-2018-q2-update.linux64_1.4.0.202007081208/tools/bin/../lib/gcc/arm-none-eabi/7.3.1/thumb/v7e-m/fpv4-sp/hard/crti.o
                0x0000000008009264                _fini
 .fini          0x0000000008009268        0x8 /opt/st/stm32cubeide_1.4.0/plugins/com.st.stm32cube.ide.mcu.externaltools.gnu-tools-for-stm32.7-2018-q2-update.linux64_1.4.0.202007081208/tools/bin/../lib/gcc/arm-none-eabi/7.3.1/thumb/v7e-m/fpv4-sp/hard/crtn.o
                0x0000000008009270                . = ALIGN (0x4)
                0x0000000008009270                _etext = .

.vfp11_veneer   0x0000000008009270        0x0
 .vfp11_veneer  0x0000000008009270        0x0 linker stubs

.v4_bx          0x0000000008009270        0x0
 .v4_bx         0x0000000008009270        0x0 linker stubs

.iplt           0x0000000008009270        0x0
 .iplt          0x0000000008009270        0x0 /opt/st/stm32cubeide_1.4.0/plugins/com.st.stm32cube.ide.mcu.externaltools.gnu-tools-for-stm32.7-2018-q2-update.linux64_1.4.0.202007081208/tools/bin/../lib/gcc/arm-none-eabi/7.3.1/thumb/v7e-m/fpv4-sp/hard/crtbegin.o

.rodata         0x0000000008009270       0xf8
                0x0000000008009270                . = ALIGN (0x4)
 *(.rodata)
 .rodata        0x0000000008009270       0x8a Core/Src/main.o
 *(.rodata*)
 *fill*         0x00000000080092fa        0x2 
 .rodata.AHBPrescTable
                0x00000000080092fc       0x10 Core/Src/system_stm32f3xx.o
                0x00000000080092fc                AHBPrescTable
 .rodata.APBPrescTable
                0x000000000800930c        0x8 Core/Src/system_stm32f3xx.o
                0x000000000800930c                APBPrescTable
 .rodata.aPLLMULFactorTable
                0x0000000008009314       0x10 Drivers/STM32F3xx_HAL_Driver/Src/stm32f3xx_hal_rcc.o
                0x0000000008009314                aPLLMULFactorTable
 .rodata.aPredivFactorTable
                0x0000000008009324       0x10 Drivers/STM32F3xx_HAL_Driver/Src/stm32f3xx_hal_rcc.o
                0x0000000008009324                aPredivFactorTable
 .rodata._svfprintf_r.str1.1
                0x0000000008009334       0x11 /opt/st/stm32cubeide_1.4.0/plugins/com.st.stm32cube.ide.mcu.externaltools.gnu-tools-for-stm32.7-2018-q2-update.linux64_1.4.0.202007081208/tools/bin/../lib/gcc/arm-none-eabi/7.3.1/../../../../arm-none-eabi/lib/thumb/v7e-m/fpv4-sp/hard/libc_nano.a(lib_a-nano-svfprintf.o)
 .rodata._printf_i.str1.1
                0x0000000008009345       0x22 /opt/st/stm32cubeide_1.4.0/plugins/com.st.stm32cube.ide.mcu.externaltools.gnu-tools-for-stm32.7-2018-q2-update.linux64_1.4.0.202007081208/tools/bin/../lib/gcc/arm-none-eabi/7.3.1/../../../../arm-none-eabi/lib/thumb/v7e-m/fpv4-sp/hard/libc_nano.a(lib_a-nano-vfprintf_i.o)
                0x0000000008009368                . = ALIGN (0x4)
 *fill*         0x0000000008009367        0x1 

.rel.dyn        0x0000000008009368        0x0
 .rel.iplt      0x0000000008009368        0x0 /opt/st/stm32cubeide_1.4.0/plugins/com.st.stm32cube.ide.mcu.externaltools.gnu-tools-for-stm32.7-2018-q2-update.linux64_1.4.0.202007081208/tools/bin/../lib/gcc/arm-none-eabi/7.3.1/thumb/v7e-m/fpv4-sp/hard/crtbegin.o

.ARM.extab      0x0000000008009368        0x0
                0x0000000008009368                . = ALIGN (0x4)
 *(.ARM.extab* .gnu.linkonce.armextab.*)
                0x0000000008009368                . = ALIGN (0x4)

.ARM            0x0000000008009368        0x0
                0x0000000008009368                . = ALIGN (0x4)
                0x0000000008009368                __exidx_start = .
 *(.ARM.exidx*)
                0x0000000008009368                __exidx_end = .
                0x0000000008009368                . = ALIGN (0x4)

.preinit_array  0x0000000008009368        0x0
                0x0000000008009368                . = ALIGN (0x4)
                0x0000000008009368                PROVIDE (__preinit_array_start = .)
 *(.preinit_array*)
                0x0000000008009368                PROVIDE (__preinit_array_end = .)
                0x0000000008009368                . = ALIGN (0x4)

.init_array     0x0000000008009368        0x4
                0x0000000008009368                . = ALIGN (0x4)
                0x0000000008009368                PROVIDE (__init_array_start = .)
 *(SORT_BY_NAME(.init_array.*))
 *(.init_array*)
 .init_array    0x0000000008009368        0x4 /opt/st/stm32cubeide_1.4.0/plugins/com.st.stm32cube.ide.mcu.externaltools.gnu-tools-for-stm32.7-2018-q2-update.linux64_1.4.0.202007081208/tools/bin/../lib/gcc/arm-none-eabi/7.3.1/thumb/v7e-m/fpv4-sp/hard/crtbegin.o
                0x000000000800936c                PROVIDE (__init_array_end = .)
                0x000000000800936c                . = ALIGN (0x4)

.fini_array     0x000000000800936c        0x4
                0x000000000800936c                . = ALIGN (0x4)
                [!provide]                        PROVIDE (__fini_array_start = .)
 *(SORT_BY_NAME(.fini_array.*))
 *(.fini_array*)
 .fini_array    0x000000000800936c        0x4 /opt/st/stm32cubeide_1.4.0/plugins/com.st.stm32cube.ide.mcu.externaltools.gnu-tools-for-stm32.7-2018-q2-update.linux64_1.4.0.202007081208/tools/bin/../lib/gcc/arm-none-eabi/7.3.1/thumb/v7e-m/fpv4-sp/hard/crtbegin.o
                [!provide]                        PROVIDE (__fini_array_end = .)
                0x0000000008009370                . = ALIGN (0x4)
                0x0000000008009370                _sidata = LOADADDR (.data)

.data           0x0000000020000000      0x334 load address 0x0000000008009370
                0x0000000020000000                . = ALIGN (0x4)
                0x0000000020000000                _sdata = .
 *(.data)
 *(.data*)
 .data.Dev      0x0000000020000000        0x4 Core/Src/main.o
                0x0000000020000000                Dev
 .data.Dev_2    0x0000000020000004        0x4 Core/Src/main.o
                0x0000000020000004                Dev_2
 .data.SystemCoreClock
                0x0000000020000008        0x4 Core/Src/system_stm32f3xx.o
                0x0000000020000008                SystemCoreClock
 .data.uwTickPrio
                0x000000002000000c        0x4 Drivers/STM32F3xx_HAL_Driver/Src/stm32f3xx_hal.o
                0x000000002000000c                uwTickPrio
 .data.uwTickFreq
                0x0000000020000010        0x1 Drivers/STM32F3xx_HAL_Driver/Src/stm32f3xx_hal.o
                0x0000000020000010                uwTickFreq
 *fill*         0x0000000020000011        0x3 
 .data.DefaultTuningSettings
                0x0000000020000014       0xf3 Drivers/VL530X/core/src/vl53l0x_api.o
                0x0000000020000014                DefaultTuningSettings
 *fill*         0x0000000020000107        0x1 
 .data.InterruptThresholdSettings
                0x0000000020000108      0x1b6 Drivers/VL530X/core/src/vl53l0x_api.o
                0x0000000020000108                InterruptThresholdSettings
 *fill*         0x00000000200002be        0x2 
 .data.refArrayQuadrants
                0x00000000200002c0       0x10 Drivers/VL530X/core/src/vl53l0x_api_calibration.o
                0x00000000200002c0                refArrayQuadrants
 .data._impure_ptr
                0x00000000200002d0        0x4 /opt/st/stm32cubeide_1.4.0/plugins/com.st.stm32cube.ide.mcu.externaltools.gnu-tools-for-stm32.7-2018-q2-update.linux64_1.4.0.202007081208/tools/bin/../lib/gcc/arm-none-eabi/7.3.1/../../../../arm-none-eabi/lib/thumb/v7e-m/fpv4-sp/hard/libc_nano.a(lib_a-impure.o)
                0x00000000200002d0                _impure_ptr
 .data.impure_data
                0x00000000200002d4       0x60 /opt/st/stm32cubeide_1.4.0/plugins/com.st.stm32cube.ide.mcu.externaltools.gnu-tools-for-stm32.7-2018-q2-update.linux64_1.4.0.202007081208/tools/bin/../lib/gcc/arm-none-eabi/7.3.1/../../../../arm-none-eabi/lib/thumb/v7e-m/fpv4-sp/hard/libc_nano.a(lib_a-impure.o)
                0x0000000020000334                . = ALIGN (0x4)
                0x0000000020000334                _edata = .

.igot.plt       0x0000000020000334        0x0 load address 0x00000000080096a4
 .igot.plt      0x0000000020000334        0x0 /opt/st/stm32cubeide_1.4.0/plugins/com.st.stm32cube.ide.mcu.externaltools.gnu-tools-for-stm32.7-2018-q2-update.linux64_1.4.0.202007081208/tools/bin/../lib/gcc/arm-none-eabi/7.3.1/thumb/v7e-m/fpv4-sp/hard/crtbegin.o
                0x0000000020000334                . = ALIGN (0x4)

.bss            0x0000000020000334      0x4e0 load address 0x00000000080096a4
                0x0000000020000334                _sbss = .
                0x0000000020000334                __bss_start__ = _sbss
 *(.bss)
 .bss           0x0000000020000334       0x1c /opt/st/stm32cubeide_1.4.0/plugins/com.st.stm32cube.ide.mcu.externaltools.gnu-tools-for-stm32.7-2018-q2-update.linux64_1.4.0.202007081208/tools/bin/../lib/gcc/arm-none-eabi/7.3.1/thumb/v7e-m/fpv4-sp/hard/crtbegin.o
 *(.bss*)
 .bss.__sbrk_heap_end
                0x0000000020000350        0x4 Core/Src/sysmem.o
 .bss.__malloc_free_list
                0x0000000020000354        0x4 /opt/st/stm32cubeide_1.4.0/plugins/com.st.stm32cube.ide.mcu.externaltools.gnu-tools-for-stm32.7-2018-q2-update.linux64_1.4.0.202007081208/tools/bin/../lib/gcc/arm-none-eabi/7.3.1/../../../../arm-none-eabi/lib/thumb/v7e-m/fpv4-sp/hard/libc_nano.a(lib_a-nano-mallocr.o)
                0x0000000020000354                __malloc_free_list
 .bss.__malloc_sbrk_start
                0x0000000020000358        0x4 /opt/st/stm32cubeide_1.4.0/plugins/com.st.stm32cube.ide.mcu.externaltools.gnu-tools-for-stm32.7-2018-q2-update.linux64_1.4.0.202007081208/tools/bin/../lib/gcc/arm-none-eabi/7.3.1/../../../../arm-none-eabi/lib/thumb/v7e-m/fpv4-sp/hard/libc_nano.a(lib_a-nano-mallocr.o)
                0x0000000020000358                __malloc_sbrk_start
 *(COMMON)
 COMMON         0x000000002000035c      0x470 Core/Src/main.o
                0x000000002000035c                RangingData
                0x0000000020000378                vl53l0x_c_2
                0x0000000020000508                hi2c1
                0x0000000020000554                TofDataRead_2
                0x0000000020000555                MessageLen
                0x0000000020000558                Message
                0x0000000020000598                RangingData_2
                0x00000000200005b4                TofDataRead
                0x00000000200005b8                vl53l0x_c
                0x0000000020000748                huart2
 COMMON         0x00000000200007cc        0x4 Drivers/STM32F3xx_HAL_Driver/Src/stm32f3xx_hal.o
                0x00000000200007cc                uwTick
 COMMON         0x00000000200007d0       0x40 Drivers/VL530X/platform/src/vl53l0x_platform.o
                0x00000000200007d0                _I2CBuffer
 COMMON         0x0000000020000810        0x4 /opt/st/stm32cubeide_1.4.0/plugins/com.st.stm32cube.ide.mcu.externaltools.gnu-tools-for-stm32.7-2018-q2-update.linux64_1.4.0.202007081208/tools/bin/../lib/gcc/arm-none-eabi/7.3.1/../../../../arm-none-eabi/lib/thumb/v7e-m/fpv4-sp/hard/libc_nano.a(lib_a-reent.o)
                0x0000000020000810                errno
                0x0000000020000814                . = ALIGN (0x4)
                0x0000000020000814                _ebss = .
                0x0000000020000814                __bss_end__ = _ebss

._user_heap_stack
                0x0000000020000814      0x604 load address 0x00000000080096a4
                0x0000000020000818                . = ALIGN (0x8)
 *fill*         0x0000000020000814        0x4 
                [!provide]                        PROVIDE (end = .)
                0x0000000020000818                PROVIDE (_end = .)
                0x0000000020000a18                . = (. + _Min_Heap_Size)
 *fill*         0x0000000020000818      0x200 
                0x0000000020000e18                . = (. + _Min_Stack_Size)
 *fill*         0x0000000020000a18      0x400 
                0x0000000020000e18                . = ALIGN (0x8)

/DISCARD/
 libc.a(*)
 libm.a(*)
 libgcc.a(*)

.ARM.attributes
                0x0000000000000000       0x30
 *(.ARM.attributes)
 .ARM.attributes
                0x0000000000000000       0x22 /opt/st/stm32cubeide_1.4.0/plugins/com.st.stm32cube.ide.mcu.externaltools.gnu-tools-for-stm32.7-2018-q2-update.linux64_1.4.0.202007081208/tools/bin/../lib/gcc/arm-none-eabi/7.3.1/thumb/v7e-m/fpv4-sp/hard/crti.o
 .ARM.attributes
                0x0000000000000022       0x34 /opt/st/stm32cubeide_1.4.0/plugins/com.st.stm32cube.ide.mcu.externaltools.gnu-tools-for-stm32.7-2018-q2-update.linux64_1.4.0.202007081208/tools/bin/../lib/gcc/arm-none-eabi/7.3.1/thumb/v7e-m/fpv4-sp/hard/crtbegin.o
 .ARM.attributes
                0x0000000000000056       0x39 Core/Src/main.o
 .ARM.attributes
                0x000000000000008f       0x39 Core/Src/stm32f3xx_hal_msp.o
 .ARM.attributes
                0x00000000000000c8       0x39 Core/Src/stm32f3xx_it.o
 .ARM.attributes
                0x0000000000000101       0x39 Core/Src/sysmem.o
 .ARM.attributes
                0x000000000000013a       0x39 Core/Src/system_stm32f3xx.o
 .ARM.attributes
                0x0000000000000173       0x21 Core/Startup/startup_stm32f303k8tx.o
 .ARM.attributes
                0x0000000000000194       0x39 Drivers/STM32F3xx_HAL_Driver/Src/stm32f3xx_hal.o
 .ARM.attributes
                0x00000000000001cd       0x39 Drivers/STM32F3xx_HAL_Driver/Src/stm32f3xx_hal_cortex.o
 .ARM.attributes
                0x0000000000000206       0x39 Drivers/STM32F3xx_HAL_Driver/Src/stm32f3xx_hal_gpio.o
 .ARM.attributes
                0x000000000000023f       0x39 Drivers/STM32F3xx_HAL_Driver/Src/stm32f3xx_hal_i2c.o
 .ARM.attributes
                0x0000000000000278       0x39 Drivers/STM32F3xx_HAL_Driver/Src/stm32f3xx_hal_i2c_ex.o
 .ARM.attributes
                0x00000000000002b1       0x39 Drivers/STM32F3xx_HAL_Driver/Src/stm32f3xx_hal_rcc.o
 .ARM.attributes
                0x00000000000002ea       0x39 Drivers/STM32F3xx_HAL_Driver/Src/stm32f3xx_hal_rcc_ex.o
 .ARM.attributes
                0x0000000000000323       0x39 Drivers/STM32F3xx_HAL_Driver/Src/stm32f3xx_hal_uart.o
 .ARM.attributes
                0x000000000000035c       0x39 Drivers/VL530X/core/src/vl53l0x_api.o
 .ARM.attributes
                0x0000000000000395       0x39 Drivers/VL530X/core/src/vl53l0x_api_calibration.o
 .ARM.attributes
                0x00000000000003ce       0x39 Drivers/VL530X/core/src/vl53l0x_api_core.o
 .ARM.attributes
                0x0000000000000407       0x39 Drivers/VL530X/platform/src/vl53l0x_platform.o
 .ARM.attributes
                0x0000000000000440       0x34 /opt/st/stm32cubeide_1.4.0/plugins/com.st.stm32cube.ide.mcu.externaltools.gnu-tools-for-stm32.7-2018-q2-update.linux64_1.4.0.202007081208/tools/bin/../lib/gcc/arm-none-eabi/7.3.1/../../../../arm-none-eabi/lib/thumb/v7e-m/fpv4-sp/hard/libc_nano.a(lib_a-errno.o)
 .ARM.attributes
                0x0000000000000474       0x34 /opt/st/stm32cubeide_1.4.0/plugins/com.st.stm32cube.ide.mcu.externaltools.gnu-tools-for-stm32.7-2018-q2-update.linux64_1.4.0.202007081208/tools/bin/../lib/gcc/arm-none-eabi/7.3.1/../../../../arm-none-eabi/lib/thumb/v7e-m/fpv4-sp/hard/libc_nano.a(lib_a-impure.o)
 .ARM.attributes
                0x00000000000004a8       0x34 /opt/st/stm32cubeide_1.4.0/plugins/com.st.stm32cube.ide.mcu.externaltools.gnu-tools-for-stm32.7-2018-q2-update.linux64_1.4.0.202007081208/tools/bin/../lib/gcc/arm-none-eabi/7.3.1/../../../../arm-none-eabi/lib/thumb/v7e-m/fpv4-sp/hard/libc_nano.a(lib_a-init.o)
 .ARM.attributes
                0x00000000000004dc       0x34 /opt/st/stm32cubeide_1.4.0/plugins/com.st.stm32cube.ide.mcu.externaltools.gnu-tools-for-stm32.7-2018-q2-update.linux64_1.4.0.202007081208/tools/bin/../lib/gcc/arm-none-eabi/7.3.1/../../../../arm-none-eabi/lib/thumb/v7e-m/fpv4-sp/hard/libc_nano.a(lib_a-memcpy-stub.o)
 .ARM.attributes
                0x0000000000000510       0x34 /opt/st/stm32cubeide_1.4.0/plugins/com.st.stm32cube.ide.mcu.externaltools.gnu-tools-for-stm32.7-2018-q2-update.linux64_1.4.0.202007081208/tools/bin/../lib/gcc/arm-none-eabi/7.3.1/../../../../arm-none-eabi/lib/thumb/v7e-m/fpv4-sp/hard/libc_nano.a(lib_a-memset.o)
 .ARM.attributes
                0x0000000000000544       0x34 /opt/st/stm32cubeide_1.4.0/plugins/com.st.stm32cube.ide.mcu.externaltools.gnu-tools-for-stm32.7-2018-q2-update.linux64_1.4.0.202007081208/tools/bin/../lib/gcc/arm-none-eabi/7.3.1/../../../../arm-none-eabi/lib/thumb/v7e-m/fpv4-sp/hard/libc_nano.a(lib_a-sprintf.o)
 .ARM.attributes
                0x0000000000000578       0x34 /opt/st/stm32cubeide_1.4.0/plugins/com.st.stm32cube.ide.mcu.externaltools.gnu-tools-for-stm32.7-2018-q2-update.linux64_1.4.0.202007081208/tools/bin/../lib/gcc/arm-none-eabi/7.3.1/../../../../arm-none-eabi/lib/thumb/v7e-m/fpv4-sp/hard/libc_nano.a(lib_a-strcpy.o)
 .ARM.attributes
                0x00000000000005ac       0x34 /opt/st/stm32cubeide_1.4.0/plugins/com.st.stm32cube.ide.mcu.externaltools.gnu-tools-for-stm32.7-2018-q2-update.linux64_1.4.0.202007081208/tools/bin/../lib/gcc/arm-none-eabi/7.3.1/../../../../arm-none-eabi/lib/thumb/v7e-m/fpv4-sp/hard/libc_nano.a(lib_a-nano-svfprintf.o)
 .ARM.attributes
                0x00000000000005e0       0x34 /opt/st/stm32cubeide_1.4.0/plugins/com.st.stm32cube.ide.mcu.externaltools.gnu-tools-for-stm32.7-2018-q2-update.linux64_1.4.0.202007081208/tools/bin/../lib/gcc/arm-none-eabi/7.3.1/../../../../arm-none-eabi/lib/thumb/v7e-m/fpv4-sp/hard/libc_nano.a(lib_a-nano-vfprintf_i.o)
 .ARM.attributes
                0x0000000000000614       0x20 /opt/st/stm32cubeide_1.4.0/plugins/com.st.stm32cube.ide.mcu.externaltools.gnu-tools-for-stm32.7-2018-q2-update.linux64_1.4.0.202007081208/tools/bin/../lib/gcc/arm-none-eabi/7.3.1/../../../../arm-none-eabi/lib/thumb/v7e-m/fpv4-sp/hard/libc_nano.a(lib_a-memchr.o)
 .ARM.attributes
                0x0000000000000634       0x34 /opt/st/stm32cubeide_1.4.0/plugins/com.st.stm32cube.ide.mcu.externaltools.gnu-tools-for-stm32.7-2018-q2-update.linux64_1.4.0.202007081208/tools/bin/../lib/gcc/arm-none-eabi/7.3.1/../../../../arm-none-eabi/lib/thumb/v7e-m/fpv4-sp/hard/libc_nano.a(lib_a-memmove.o)
 .ARM.attributes
                0x0000000000000668       0x34 /opt/st/stm32cubeide_1.4.0/plugins/com.st.stm32cube.ide.mcu.externaltools.gnu-tools-for-stm32.7-2018-q2-update.linux64_1.4.0.202007081208/tools/bin/../lib/gcc/arm-none-eabi/7.3.1/../../../../arm-none-eabi/lib/thumb/v7e-m/fpv4-sp/hard/libc_nano.a(lib_a-nano-freer.o)
 .ARM.attributes
                0x000000000000069c       0x34 /opt/st/stm32cubeide_1.4.0/plugins/com.st.stm32cube.ide.mcu.externaltools.gnu-tools-for-stm32.7-2018-q2-update.linux64_1.4.0.202007081208/tools/bin/../lib/gcc/arm-none-eabi/7.3.1/../../../../arm-none-eabi/lib/thumb/v7e-m/fpv4-sp/hard/libc_nano.a(lib_a-nano-mallocr.o)
 .ARM.attributes
                0x00000000000006d0       0x34 /opt/st/stm32cubeide_1.4.0/plugins/com.st.stm32cube.ide.mcu.externaltools.gnu-tools-for-stm32.7-2018-q2-update.linux64_1.4.0.202007081208/tools/bin/../lib/gcc/arm-none-eabi/7.3.1/../../../../arm-none-eabi/lib/thumb/v7e-m/fpv4-sp/hard/libc_nano.a(lib_a-nano-reallocr.o)
 .ARM.attributes
                0x0000000000000704       0x34 /opt/st/stm32cubeide_1.4.0/plugins/com.st.stm32cube.ide.mcu.externaltools.gnu-tools-for-stm32.7-2018-q2-update.linux64_1.4.0.202007081208/tools/bin/../lib/gcc/arm-none-eabi/7.3.1/../../../../arm-none-eabi/lib/thumb/v7e-m/fpv4-sp/hard/libc_nano.a(lib_a-sbrkr.o)
 .ARM.attributes
                0x0000000000000738       0x34 /opt/st/stm32cubeide_1.4.0/plugins/com.st.stm32cube.ide.mcu.externaltools.gnu-tools-for-stm32.7-2018-q2-update.linux64_1.4.0.202007081208/tools/bin/../lib/gcc/arm-none-eabi/7.3.1/../../../../arm-none-eabi/lib/thumb/v7e-m/fpv4-sp/hard/libc_nano.a(lib_a-mlock.o)
 .ARM.attributes
                0x000000000000076c       0x34 /opt/st/stm32cubeide_1.4.0/plugins/com.st.stm32cube.ide.mcu.externaltools.gnu-tools-for-stm32.7-2018-q2-update.linux64_1.4.0.202007081208/tools/bin/../lib/gcc/arm-none-eabi/7.3.1/../../../../arm-none-eabi/lib/thumb/v7e-m/fpv4-sp/hard/libc_nano.a(lib_a-nano-msizer.o)
 .ARM.attributes
                0x00000000000007a0       0x34 /opt/st/stm32cubeide_1.4.0/plugins/com.st.stm32cube.ide.mcu.externaltools.gnu-tools-for-stm32.7-2018-q2-update.linux64_1.4.0.202007081208/tools/bin/../lib/gcc/arm-none-eabi/7.3.1/../../../../arm-none-eabi/lib/thumb/v7e-m/fpv4-sp/hard/libc_nano.a(lib_a-reent.o)
 .ARM.attributes
                0x00000000000007d4       0x22 /opt/st/stm32cubeide_1.4.0/plugins/com.st.stm32cube.ide.mcu.externaltools.gnu-tools-for-stm32.7-2018-q2-update.linux64_1.4.0.202007081208/tools/bin/../lib/gcc/arm-none-eabi/7.3.1/thumb/v7e-m/fpv4-sp/hard/crtn.o
OUTPUT(VL53L0X_tests.elf elf32-littlearm)

.debug_info     0x0000000000000000    0x17aef
 .debug_info    0x0000000000000000     0x1e82 Core/Src/main.o
 .debug_info    0x0000000000001e82      0xc91 Core/Src/stm32f3xx_hal_msp.o
 .debug_info    0x0000000000002b13      0x245 Core/Src/stm32f3xx_it.o
 .debug_info    0x0000000000002d58      0x985 Core/Src/sysmem.o
 .debug_info    0x00000000000036dd      0x45c Core/Src/system_stm32f3xx.o
 .debug_info    0x0000000000003b39       0x22 Core/Startup/startup_stm32f303k8tx.o
 .debug_info    0x0000000000003b5b      0x758 Drivers/STM32F3xx_HAL_Driver/Src/stm32f3xx_hal.o
 .debug_info    0x00000000000042b3      0xb54 Drivers/STM32F3xx_HAL_Driver/Src/stm32f3xx_hal_cortex.o
 .debug_info    0x0000000000004e07      0x7c1 Drivers/STM32F3xx_HAL_Driver/Src/stm32f3xx_hal_gpio.o
 .debug_info    0x00000000000055c8     0x1fe5 Drivers/STM32F3xx_HAL_Driver/Src/stm32f3xx_hal_i2c.o
 .debug_info    0x00000000000075ad      0x994 Drivers/STM32F3xx_HAL_Driver/Src/stm32f3xx_hal_i2c_ex.o
 .debug_info    0x0000000000007f41     0x180f Drivers/STM32F3xx_HAL_Driver/Src/stm32f3xx_hal_rcc.o
 .debug_info    0x0000000000009750      0x608 Drivers/STM32F3xx_HAL_Driver/Src/stm32f3xx_hal_rcc_ex.o
 .debug_info    0x0000000000009d58     0x3eee Drivers/STM32F3xx_HAL_Driver/Src/stm32f3xx_hal_uart.o
 .debug_info    0x000000000000dc46     0x39b9 Drivers/VL530X/core/src/vl53l0x_api.o
 .debug_info    0x00000000000115ff     0x2322 Drivers/VL530X/core/src/vl53l0x_api_calibration.o
 .debug_info    0x0000000000013921     0x2825 Drivers/VL530X/core/src/vl53l0x_api_core.o
 .debug_info    0x0000000000016146     0x19a9 Drivers/VL530X/platform/src/vl53l0x_platform.o

.debug_abbrev   0x0000000000000000     0x23c9
 .debug_abbrev  0x0000000000000000      0x2c2 Core/Src/main.o
 .debug_abbrev  0x00000000000002c2      0x197 Core/Src/stm32f3xx_hal_msp.o
 .debug_abbrev  0x0000000000000459       0xc6 Core/Src/stm32f3xx_it.o
 .debug_abbrev  0x000000000000051f      0x19b Core/Src/sysmem.o
 .debug_abbrev  0x00000000000006ba      0x12b Core/Src/system_stm32f3xx.o
 .debug_abbrev  0x00000000000007e5       0x12 Core/Startup/startup_stm32f303k8tx.o
 .debug_abbrev  0x00000000000007f7      0x1c7 Drivers/STM32F3xx_HAL_Driver/Src/stm32f3xx_hal.o
 .debug_abbrev  0x00000000000009be      0x2d5 Drivers/STM32F3xx_HAL_Driver/Src/stm32f3xx_hal_cortex.o
 .debug_abbrev  0x0000000000000c93      0x1c0 Drivers/STM32F3xx_HAL_Driver/Src/stm32f3xx_hal_gpio.o
 .debug_abbrev  0x0000000000000e53      0x22a Drivers/STM32F3xx_HAL_Driver/Src/stm32f3xx_hal_i2c.o
 .debug_abbrev  0x000000000000107d      0x1b9 Drivers/STM32F3xx_HAL_Driver/Src/stm32f3xx_hal_i2c_ex.o
 .debug_abbrev  0x0000000000001236      0x28c Drivers/STM32F3xx_HAL_Driver/Src/stm32f3xx_hal_rcc.o
 .debug_abbrev  0x00000000000014c2      0x208 Drivers/STM32F3xx_HAL_Driver/Src/stm32f3xx_hal_rcc_ex.o
 .debug_abbrev  0x00000000000016ca      0x27f Drivers/STM32F3xx_HAL_Driver/Src/stm32f3xx_hal_uart.o
 .debug_abbrev  0x0000000000001949      0x2cf Drivers/VL530X/core/src/vl53l0x_api.o
 .debug_abbrev  0x0000000000001c18      0x2aa Drivers/VL530X/core/src/vl53l0x_api_calibration.o
 .debug_abbrev  0x0000000000001ec2      0x2c4 Drivers/VL530X/core/src/vl53l0x_api_core.o
 .debug_abbrev  0x0000000000002186      0x243 Drivers/VL530X/platform/src/vl53l0x_platform.o

.debug_aranges  0x0000000000000000      0xec0
 .debug_aranges
                0x0000000000000000       0x50 Core/Src/main.o
 .debug_aranges
                0x0000000000000050       0x40 Core/Src/stm32f3xx_hal_msp.o
 .debug_aranges
                0x0000000000000090       0x70 Core/Src/stm32f3xx_it.o
 .debug_aranges
                0x0000000000000100       0x20 Core/Src/sysmem.o
 .debug_aranges
                0x0000000000000120       0x28 Core/Src/system_stm32f3xx.o
 .debug_aranges
                0x0000000000000148       0x28 Core/Startup/startup_stm32f303k8tx.o
 .debug_aranges
                0x0000000000000170       0xe0 Drivers/STM32F3xx_HAL_Driver/Src/stm32f3xx_hal.o
 .debug_aranges
                0x0000000000000250      0x100 Drivers/STM32F3xx_HAL_Driver/Src/stm32f3xx_hal_cortex.o
 .debug_aranges
                0x0000000000000350       0x58 Drivers/STM32F3xx_HAL_Driver/Src/stm32f3xx_hal_gpio.o
 .debug_aranges
                0x00000000000003a8      0x290 Drivers/STM32F3xx_HAL_Driver/Src/stm32f3xx_hal_i2c.o
 .debug_aranges
                0x0000000000000638       0x48 Drivers/STM32F3xx_HAL_Driver/Src/stm32f3xx_hal_i2c_ex.o
 .debug_aranges
                0x0000000000000680       0x88 Drivers/STM32F3xx_HAL_Driver/Src/stm32f3xx_hal_rcc.o
 .debug_aranges
                0x0000000000000708       0x38 Drivers/STM32F3xx_HAL_Driver/Src/stm32f3xx_hal_rcc_ex.o
 .debug_aranges
                0x0000000000000740      0x228 Drivers/STM32F3xx_HAL_Driver/Src/stm32f3xx_hal_uart.o
 .debug_aranges
                0x0000000000000968      0x330 Drivers/VL530X/core/src/vl53l0x_api.o
 .debug_aranges
                0x0000000000000c98       0xd0 Drivers/VL530X/core/src/vl53l0x_api_calibration.o
 .debug_aranges
                0x0000000000000d68       0xe0 Drivers/VL530X/core/src/vl53l0x_api_core.o
 .debug_aranges
                0x0000000000000e48       0x78 Drivers/VL530X/platform/src/vl53l0x_platform.o

.debug_ranges   0x0000000000000000      0xdd8
 .debug_ranges  0x0000000000000000       0x40 Core/Src/main.o
 .debug_ranges  0x0000000000000040       0x30 Core/Src/stm32f3xx_hal_msp.o
 .debug_ranges  0x0000000000000070       0x60 Core/Src/stm32f3xx_it.o
 .debug_ranges  0x00000000000000d0       0x10 Core/Src/sysmem.o
 .debug_ranges  0x00000000000000e0       0x18 Core/Src/system_stm32f3xx.o
 .debug_ranges  0x00000000000000f8       0x20 Core/Startup/startup_stm32f303k8tx.o
 .debug_ranges  0x0000000000000118       0xd0 Drivers/STM32F3xx_HAL_Driver/Src/stm32f3xx_hal.o
 .debug_ranges  0x00000000000001e8       0xf0 Drivers/STM32F3xx_HAL_Driver/Src/stm32f3xx_hal_cortex.o
 .debug_ranges  0x00000000000002d8       0x48 Drivers/STM32F3xx_HAL_Driver/Src/stm32f3xx_hal_gpio.o
 .debug_ranges  0x0000000000000320      0x280 Drivers/STM32F3xx_HAL_Driver/Src/stm32f3xx_hal_i2c.o
 .debug_ranges  0x00000000000005a0       0x38 Drivers/STM32F3xx_HAL_Driver/Src/stm32f3xx_hal_i2c_ex.o
 .debug_ranges  0x00000000000005d8       0x78 Drivers/STM32F3xx_HAL_Driver/Src/stm32f3xx_hal_rcc.o
 .debug_ranges  0x0000000000000650       0x28 Drivers/STM32F3xx_HAL_Driver/Src/stm32f3xx_hal_rcc_ex.o
 .debug_ranges  0x0000000000000678      0x248 Drivers/STM32F3xx_HAL_Driver/Src/stm32f3xx_hal_uart.o
 .debug_ranges  0x00000000000008c0      0x320 Drivers/VL530X/core/src/vl53l0x_api.o
 .debug_ranges  0x0000000000000be0       0xc0 Drivers/VL530X/core/src/vl53l0x_api_calibration.o
 .debug_ranges  0x0000000000000ca0       0xd0 Drivers/VL530X/core/src/vl53l0x_api_core.o
 .debug_ranges  0x0000000000000d70       0x68 Drivers/VL530X/platform/src/vl53l0x_platform.o

.debug_macro    0x0000000000000000    0x1c462
 .debug_macro   0x0000000000000000      0x3b3 Core/Src/main.o
 .debug_macro   0x00000000000003b3      0xa5a Core/Src/main.o
 .debug_macro   0x0000000000000e0d      0x151 Core/Src/main.o
 .debug_macro   0x0000000000000f5e       0x2e Core/Src/main.o
 .debug_macro   0x0000000000000f8c       0x28 Core/Src/main.o
 .debug_macro   0x0000000000000fb4       0x22 Core/Src/main.o
 .debug_macro   0x0000000000000fd6       0x8e Core/Src/main.o
 .debug_macro   0x0000000000001064       0x51 Core/Src/main.o
 .debug_macro   0x00000000000010b5       0xef Core/Src/main.o
 .debug_macro   0x00000000000011a4       0x6a Core/Src/main.o
 .debug_macro   0x000000000000120e      0x1df Core/Src/main.o
 .debug_macro   0x00000000000013ed       0x1c Core/Src/main.o
 .debug_macro   0x0000000000001409       0x22 Core/Src/main.o
 .debug_macro   0x000000000000142b       0xdf Core/Src/main.o
 .debug_macro   0x000000000000150a      0xf07 Core/Src/main.o
 .debug_macro   0x0000000000002411    0x10be0 Core/Src/main.o
 .debug_macro   0x0000000000012ff1       0x6d Core/Src/main.o
 .debug_macro   0x000000000001305e     0x3540 Core/Src/main.o
 .debug_macro   0x000000000001659e      0x174 Core/Src/main.o
 .debug_macro   0x0000000000016712       0x55 Core/Src/main.o
 .debug_macro   0x0000000000016767      0x8f9 Core/Src/main.o
 .debug_macro   0x0000000000017060      0x304 Core/Src/main.o
 .debug_macro   0x0000000000017364      0x1b6 Core/Src/main.o
 .debug_macro   0x000000000001751a      0x11b Core/Src/main.o
 .debug_macro   0x0000000000017635      0x1d5 Core/Src/main.o
 .debug_macro   0x000000000001780a      0x1bc Core/Src/main.o
 .debug_macro   0x00000000000179c6       0x34 Core/Src/main.o
 .debug_macro   0x00000000000179fa       0x3c Core/Src/main.o
 .debug_macro   0x0000000000017a36       0x57 Core/Src/main.o
 .debug_macro   0x0000000000017a8d       0xc5 Core/Src/main.o
 .debug_macro   0x0000000000017b52      0x19f Core/Src/main.o
 .debug_macro   0x0000000000017cf1      0x22c Core/Src/main.o
 .debug_macro   0x0000000000017f1d       0x5b Core/Src/main.o
 .debug_macro   0x0000000000017f78       0xa5 Core/Src/main.o
 .debug_macro   0x000000000001801d       0x81 Core/Src/main.o
 .debug_macro   0x000000000001809e       0xd3 Core/Src/main.o
 .debug_macro   0x0000000000018171      0x5a5 Core/Src/main.o
 .debug_macro   0x0000000000018716       0x44 Core/Src/main.o
 .debug_macro   0x000000000001875a      0x285 Core/Src/main.o
 .debug_macro   0x00000000000189df       0x88 Core/Src/main.o
 .debug_macro   0x0000000000018a67       0x76 Core/Src/main.o
 .debug_macro   0x0000000000018add      0x29c Core/Src/main.o
 .debug_macro   0x0000000000018d79      0x203 Core/Src/main.o
 .debug_macro   0x0000000000018f7c       0x46 Core/Src/main.o
 .debug_macro   0x0000000000018fc2       0x18 Core/Src/main.o
 .debug_macro   0x0000000000018fda       0x3c Core/Src/main.o
 .debug_macro   0x0000000000019016       0x34 Core/Src/main.o
 .debug_macro   0x000000000001904a       0x16 Core/Src/main.o
 .debug_macro   0x0000000000019060       0x35 Core/Src/main.o
 .debug_macro   0x0000000000019095      0x32a Core/Src/main.o
 .debug_macro   0x00000000000193bf       0x10 Core/Src/main.o
 .debug_macro   0x00000000000193cf       0x52 Core/Src/main.o
 .debug_macro   0x0000000000019421       0x1f Core/Src/main.o
 .debug_macro   0x0000000000019440       0x43 Core/Src/main.o
 .debug_macro   0x0000000000019483       0x20 Core/Src/main.o
 .debug_macro   0x00000000000194a3      0x1a3 Core/Src/main.o
 .debug_macro   0x0000000000019646       0x10 Core/Src/main.o
 .debug_macro   0x0000000000019656       0x1c Core/Src/main.o
 .debug_macro   0x0000000000019672       0x52 Core/Src/main.o
 .debug_macro   0x00000000000196c4       0x40 Core/Src/main.o
 .debug_macro   0x0000000000019704       0x10 Core/Src/main.o
 .debug_macro   0x0000000000019714       0x40 Core/Src/main.o
 .debug_macro   0x0000000000019754       0xd7 Core/Src/main.o
 .debug_macro   0x000000000001982b       0x1c Core/Src/main.o
 .debug_macro   0x0000000000019847       0x3d Core/Src/main.o
 .debug_macro   0x0000000000019884       0x16 Core/Src/main.o
 .debug_macro   0x000000000001989a      0x145 Core/Src/main.o
 .debug_macro   0x00000000000199df       0x16 Core/Src/main.o
 .debug_macro   0x00000000000199f5       0x20 Core/Src/main.o
 .debug_macro   0x0000000000019a15       0x2e Core/Src/main.o
 .debug_macro   0x0000000000019a43       0x17 Core/Src/main.o
 .debug_macro   0x0000000000019a5a      0x1d2 Core/Src/main.o
 .debug_macro   0x0000000000019c2c      0x1c1 Core/Src/stm32f3xx_hal_msp.o
 .debug_macro   0x0000000000019ded      0x1cb Core/Src/stm32f3xx_it.o
 .debug_macro   0x0000000000019fb8       0xee Core/Src/sysmem.o
 .debug_macro   0x000000000001a0a6      0x23b Core/Src/sysmem.o
 .debug_macro   0x000000000001a2e1      0x1b2 Core/Src/system_stm32f3xx.o
 .debug_macro   0x000000000001a493      0x1d6 Drivers/STM32F3xx_HAL_Driver/Src/stm32f3xx_hal.o
 .debug_macro   0x000000000001a669      0x1b2 Drivers/STM32F3xx_HAL_Driver/Src/stm32f3xx_hal_cortex.o
 .debug_macro   0x000000000001a81b      0x1b9 Drivers/STM32F3xx_HAL_Driver/Src/stm32f3xx_hal_gpio.o
 .debug_macro   0x000000000001a9d4      0x277 Drivers/STM32F3xx_HAL_Driver/Src/stm32f3xx_hal_i2c.o
 .debug_macro   0x000000000001ac4b      0x1b2 Drivers/STM32F3xx_HAL_Driver/Src/stm32f3xx_hal_i2c_ex.o
 .debug_macro   0x000000000001adfd      0x1d6 Drivers/STM32F3xx_HAL_Driver/Src/stm32f3xx_hal_rcc.o
 .debug_macro   0x000000000001afd3      0x1b2 Drivers/STM32F3xx_HAL_Driver/Src/stm32f3xx_hal_rcc_ex.o
 .debug_macro   0x000000000001b185      0x1cf Drivers/STM32F3xx_HAL_Driver/Src/stm32f3xx_hal_uart.o
 .debug_macro   0x000000000001b354      0x416 Drivers/VL530X/core/src/vl53l0x_api.o
 .debug_macro   0x000000000001b76a       0xd9 Drivers/VL530X/core/src/vl53l0x_api.o
 .debug_macro   0x000000000001b843       0x4f Drivers/VL530X/core/src/vl53l0x_api.o
 .debug_macro   0x000000000001b892      0x410 Drivers/VL530X/core/src/vl53l0x_api_calibration.o
 .debug_macro   0x000000000001bca2      0x3fe Drivers/VL530X/core/src/vl53l0x_api_core.o
 .debug_macro   0x000000000001c0a0      0x3c2 Drivers/VL530X/platform/src/vl53l0x_platform.o

.debug_line     0x0000000000000000     0xd878
 .debug_line    0x0000000000000000      0xab8 Core/Src/main.o
 .debug_line    0x0000000000000ab8      0x6e7 Core/Src/stm32f3xx_hal_msp.o
 .debug_line    0x000000000000119f      0x750 Core/Src/stm32f3xx_it.o
 .debug_line    0x00000000000018ef      0x49a Core/Src/sysmem.o
 .debug_line    0x0000000000001d89      0x6a5 Core/Src/system_stm32f3xx.o
 .debug_line    0x000000000000242e       0x88 Core/Startup/startup_stm32f303k8tx.o
 .debug_line    0x00000000000024b6      0x863 Drivers/STM32F3xx_HAL_Driver/Src/stm32f3xx_hal.o
 .debug_line    0x0000000000002d19      0x93a Drivers/STM32F3xx_HAL_Driver/Src/stm32f3xx_hal_cortex.o
 .debug_line    0x0000000000003653      0x7f1 Drivers/STM32F3xx_HAL_Driver/Src/stm32f3xx_hal_gpio.o
 .debug_line    0x0000000000003e44     0x1aab Drivers/STM32F3xx_HAL_Driver/Src/stm32f3xx_hal_i2c.o
 .debug_line    0x00000000000058ef      0x7cc Drivers/STM32F3xx_HAL_Driver/Src/stm32f3xx_hal_i2c_ex.o
 .debug_line    0x00000000000060bb      0xddb Drivers/STM32F3xx_HAL_Driver/Src/stm32f3xx_hal_rcc.o
 .debug_line    0x0000000000006e96      0x830 Drivers/STM32F3xx_HAL_Driver/Src/stm32f3xx_hal_rcc_ex.o
 .debug_line    0x00000000000076c6     0x2256 Drivers/STM32F3xx_HAL_Driver/Src/stm32f3xx_hal_uart.o
 .debug_line    0x000000000000991c     0x1551 Drivers/VL530X/core/src/vl53l0x_api.o
 .debug_line    0x000000000000ae6d      0xe9c Drivers/VL530X/core/src/vl53l0x_api_calibration.o
 .debug_line    0x000000000000bd09     0x1099 Drivers/VL530X/core/src/vl53l0x_api_core.o
 .debug_line    0x000000000000cda2      0xad6 Drivers/VL530X/platform/src/vl53l0x_platform.o

.debug_str      0x0000000000000000    0xa2d29
 .debug_str     0x0000000000000000    0x9d6d7 Core/Src/main.o
                                      0x9dce1 (size before relaxing)
 .debug_str     0x000000000009d6d7       0x7d Core/Src/stm32f3xx_hal_msp.o
                                      0x95693 (size before relaxing)
 .debug_str     0x000000000009d754       0xe3 Core/Src/stm32f3xx_it.o
                                      0x94f86 (size before relaxing)
 .debug_str     0x000000000009d837      0x4e9 Core/Src/sysmem.o
                                       0x5f66 (size before relaxing)
 .debug_str     0x000000000009dd20       0xbd Core/Src/system_stm32f3xx.o
                                      0x94d86 (size before relaxing)
 .debug_str     0x000000000009dddd       0x36 Core/Startup/startup_stm32f303k8tx.o
                                         0x73 (size before relaxing)
 .debug_str     0x000000000009de13      0x305 Drivers/STM32F3xx_HAL_Driver/Src/stm32f3xx_hal.o
                                      0x953d4 (size before relaxing)
 .debug_str     0x000000000009e118      0x2a2 Drivers/STM32F3xx_HAL_Driver/Src/stm32f3xx_hal_cortex.o
                                      0x953b5 (size before relaxing)
 .debug_str     0x000000000009e3ba      0x19d Drivers/STM32F3xx_HAL_Driver/Src/stm32f3xx_hal_gpio.o
                                      0x94fa3 (size before relaxing)
 .debug_str     0x000000000009e557      0xdbc Drivers/STM32F3xx_HAL_Driver/Src/stm32f3xx_hal_i2c.o
                                      0x95fdc (size before relaxing)
 .debug_str     0x000000000009f313       0xb8 Drivers/STM32F3xx_HAL_Driver/Src/stm32f3xx_hal_i2c_ex.o
                                      0x95343 (size before relaxing)
 .debug_str     0x000000000009f3cb      0x2e5 Drivers/STM32F3xx_HAL_Driver/Src/stm32f3xx_hal_rcc.o
                                      0x951f4 (size before relaxing)
 .debug_str     0x000000000009f6b0       0xd8 Drivers/STM32F3xx_HAL_Driver/Src/stm32f3xx_hal_rcc_ex.o
                                      0x94f08 (size before relaxing)
 .debug_str     0x000000000009f788      0x874 Drivers/STM32F3xx_HAL_Driver/Src/stm32f3xx_hal_uart.o
                                      0x95a04 (size before relaxing)
 .debug_str     0x000000000009fffc     0x167d Drivers/VL530X/core/src/vl53l0x_api.o
                                      0x9eace (size before relaxing)
 .debug_str     0x00000000000a1679      0x7ac Drivers/VL530X/core/src/vl53l0x_api_calibration.o
                                      0x9dda1 (size before relaxing)
 .debug_str     0x00000000000a1e25      0xd50 Drivers/VL530X/core/src/vl53l0x_api_core.o
                                      0x9e40c (size before relaxing)
 .debug_str     0x00000000000a2b75      0x1b4 Drivers/VL530X/platform/src/vl53l0x_platform.o
                                      0x9d404 (size before relaxing)

.comment        0x0000000000000000       0x7b
 .comment       0x0000000000000000       0x7b Core/Src/main.o
                                         0x7c (size before relaxing)
 .comment       0x000000000000007b       0x7c Core/Src/stm32f3xx_hal_msp.o
 .comment       0x000000000000007b       0x7c Core/Src/stm32f3xx_it.o
 .comment       0x000000000000007b       0x7c Core/Src/sysmem.o
 .comment       0x000000000000007b       0x7c Core/Src/system_stm32f3xx.o
 .comment       0x000000000000007b       0x7c Drivers/STM32F3xx_HAL_Driver/Src/stm32f3xx_hal.o
 .comment       0x000000000000007b       0x7c Drivers/STM32F3xx_HAL_Driver/Src/stm32f3xx_hal_cortex.o
 .comment       0x000000000000007b       0x7c Drivers/STM32F3xx_HAL_Driver/Src/stm32f3xx_hal_gpio.o
 .comment       0x000000000000007b       0x7c Drivers/STM32F3xx_HAL_Driver/Src/stm32f3xx_hal_i2c.o
 .comment       0x000000000000007b       0x7c Drivers/STM32F3xx_HAL_Driver/Src/stm32f3xx_hal_i2c_ex.o
 .comment       0x000000000000007b       0x7c Drivers/STM32F3xx_HAL_Driver/Src/stm32f3xx_hal_rcc.o
 .comment       0x000000000000007b       0x7c Drivers/STM32F3xx_HAL_Driver/Src/stm32f3xx_hal_rcc_ex.o
 .comment       0x000000000000007b       0x7c Drivers/STM32F3xx_HAL_Driver/Src/stm32f3xx_hal_uart.o
 .comment       0x000000000000007b       0x7c Drivers/VL530X/core/src/vl53l0x_api.o
 .comment       0x000000000000007b       0x7c Drivers/VL530X/core/src/vl53l0x_api_calibration.o
 .comment       0x000000000000007b       0x7c Drivers/VL530X/core/src/vl53l0x_api_core.o
 .comment       0x000000000000007b       0x7c Drivers/VL530X/platform/src/vl53l0x_platform.o

.debug_frame    0x0000000000000000     0x410c
 .debug_frame   0x0000000000000000       0xfc Core/Src/main.o
 .debug_frame   0x00000000000000fc       0xc8 Core/Src/stm32f3xx_hal_msp.o
 .debug_frame   0x00000000000001c4      0x144 Core/Src/stm32f3xx_it.o
 .debug_frame   0x0000000000000308       0x34 Core/Src/sysmem.o
 .debug_frame   0x000000000000033c       0x58 Core/Src/system_stm32f3xx.o
 .debug_frame   0x0000000000000394      0x334 Drivers/STM32F3xx_HAL_Driver/Src/stm32f3xx_hal.o
 .debug_frame   0x00000000000006c8      0x428 Drivers/STM32F3xx_HAL_Driver/Src/stm32f3xx_hal_cortex.o
 .debug_frame   0x0000000000000af0      0x14c Drivers/STM32F3xx_HAL_Driver/Src/stm32f3xx_hal_gpio.o
 .debug_frame   0x0000000000000c3c      0xbe8 Drivers/STM32F3xx_HAL_Driver/Src/stm32f3xx_hal_i2c.o
 .debug_frame   0x0000000000001824      0x100 Drivers/STM32F3xx_HAL_Driver/Src/stm32f3xx_hal_i2c_ex.o
 .debug_frame   0x0000000000001924      0x214 Drivers/STM32F3xx_HAL_Driver/Src/stm32f3xx_hal_rcc.o
 .debug_frame   0x0000000000001b38       0xb0 Drivers/STM32F3xx_HAL_Driver/Src/stm32f3xx_hal_rcc_ex.o
 .debug_frame   0x0000000000001be8      0x9e8 Drivers/STM32F3xx_HAL_Driver/Src/stm32f3xx_hal_uart.o
 .debug_frame   0x00000000000025d0      0xe94 Drivers/VL530X/core/src/vl53l0x_api.o
 .debug_frame   0x0000000000003464      0x374 Drivers/VL530X/core/src/vl53l0x_api_calibration.o
 .debug_frame   0x00000000000037d8      0x3c4 Drivers/VL530X/core/src/vl53l0x_api_core.o
 .debug_frame   0x0000000000003b9c      0x1c0 Drivers/VL530X/platform/src/vl53l0x_platform.o
 .debug_frame   0x0000000000003d5c       0x20 /opt/st/stm32cubeide_1.4.0/plugins/com.st.stm32cube.ide.mcu.externaltools.gnu-tools-for-stm32.7-2018-q2-update.linux64_1.4.0.202007081208/tools/bin/../lib/gcc/arm-none-eabi/7.3.1/../../../../arm-none-eabi/lib/thumb/v7e-m/fpv4-sp/hard/libc_nano.a(lib_a-errno.o)
 .debug_frame   0x0000000000003d7c       0x2c /opt/st/stm32cubeide_1.4.0/plugins/com.st.stm32cube.ide.mcu.externaltools.gnu-tools-for-stm32.7-2018-q2-update.linux64_1.4.0.202007081208/tools/bin/../lib/gcc/arm-none-eabi/7.3.1/../../../../arm-none-eabi/lib/thumb/v7e-m/fpv4-sp/hard/libc_nano.a(lib_a-init.o)
 .debug_frame   0x0000000000003da8       0x28 /opt/st/stm32cubeide_1.4.0/plugins/com.st.stm32cube.ide.mcu.externaltools.gnu-tools-for-stm32.7-2018-q2-update.linux64_1.4.0.202007081208/tools/bin/../lib/gcc/arm-none-eabi/7.3.1/../../../../arm-none-eabi/lib/thumb/v7e-m/fpv4-sp/hard/libc_nano.a(lib_a-memcpy-stub.o)
 .debug_frame   0x0000000000003dd0       0x20 /opt/st/stm32cubeide_1.4.0/plugins/com.st.stm32cube.ide.mcu.externaltools.gnu-tools-for-stm32.7-2018-q2-update.linux64_1.4.0.202007081208/tools/bin/../lib/gcc/arm-none-eabi/7.3.1/../../../../arm-none-eabi/lib/thumb/v7e-m/fpv4-sp/hard/libc_nano.a(lib_a-memset.o)
 .debug_frame   0x0000000000003df0       0x6c /opt/st/stm32cubeide_1.4.0/plugins/com.st.stm32cube.ide.mcu.externaltools.gnu-tools-for-stm32.7-2018-q2-update.linux64_1.4.0.202007081208/tools/bin/../lib/gcc/arm-none-eabi/7.3.1/../../../../arm-none-eabi/lib/thumb/v7e-m/fpv4-sp/hard/libc_nano.a(lib_a-sprintf.o)
 .debug_frame   0x0000000000003e5c       0x20 /opt/st/stm32cubeide_1.4.0/plugins/com.st.stm32cube.ide.mcu.externaltools.gnu-tools-for-stm32.7-2018-q2-update.linux64_1.4.0.202007081208/tools/bin/../lib/gcc/arm-none-eabi/7.3.1/../../../../arm-none-eabi/lib/thumb/v7e-m/fpv4-sp/hard/libc_nano.a(lib_a-strcpy.o)
 .debug_frame   0x0000000000003e7c       0x90 /opt/st/stm32cubeide_1.4.0/plugins/com.st.stm32cube.ide.mcu.externaltools.gnu-tools-for-stm32.7-2018-q2-update.linux64_1.4.0.202007081208/tools/bin/../lib/gcc/arm-none-eabi/7.3.1/../../../../arm-none-eabi/lib/thumb/v7e-m/fpv4-sp/hard/libc_nano.a(lib_a-nano-svfprintf.o)
 .debug_frame   0x0000000000003f0c       0x60 /opt/st/stm32cubeide_1.4.0/plugins/com.st.stm32cube.ide.mcu.externaltools.gnu-tools-for-stm32.7-2018-q2-update.linux64_1.4.0.202007081208/tools/bin/../lib/gcc/arm-none-eabi/7.3.1/../../../../arm-none-eabi/lib/thumb/v7e-m/fpv4-sp/hard/libc_nano.a(lib_a-nano-vfprintf_i.o)
 .debug_frame   0x0000000000003f6c       0x28 /opt/st/stm32cubeide_1.4.0/plugins/com.st.stm32cube.ide.mcu.externaltools.gnu-tools-for-stm32.7-2018-q2-update.linux64_1.4.0.202007081208/tools/bin/../lib/gcc/arm-none-eabi/7.3.1/../../../../arm-none-eabi/lib/thumb/v7e-m/fpv4-sp/hard/libc_nano.a(lib_a-memmove.o)
 .debug_frame   0x0000000000003f94       0x38 /opt/st/stm32cubeide_1.4.0/plugins/com.st.stm32cube.ide.mcu.externaltools.gnu-tools-for-stm32.7-2018-q2-update.linux64_1.4.0.202007081208/tools/bin/../lib/gcc/arm-none-eabi/7.3.1/../../../../arm-none-eabi/lib/thumb/v7e-m/fpv4-sp/hard/libc_nano.a(lib_a-nano-freer.o)
 .debug_frame   0x0000000000003fcc       0x2c /opt/st/stm32cubeide_1.4.0/plugins/com.st.stm32cube.ide.mcu.externaltools.gnu-tools-for-stm32.7-2018-q2-update.linux64_1.4.0.202007081208/tools/bin/../lib/gcc/arm-none-eabi/7.3.1/../../../../arm-none-eabi/lib/thumb/v7e-m/fpv4-sp/hard/libc_nano.a(lib_a-nano-mallocr.o)
 .debug_frame   0x0000000000003ff8       0x3c /opt/st/stm32cubeide_1.4.0/plugins/com.st.stm32cube.ide.mcu.externaltools.gnu-tools-for-stm32.7-2018-q2-update.linux64_1.4.0.202007081208/tools/bin/../lib/gcc/arm-none-eabi/7.3.1/../../../../arm-none-eabi/lib/thumb/v7e-m/fpv4-sp/hard/libc_nano.a(lib_a-nano-reallocr.o)
 .debug_frame   0x0000000000004034       0x2c /opt/st/stm32cubeide_1.4.0/plugins/com.st.stm32cube.ide.mcu.externaltools.gnu-tools-for-stm32.7-2018-q2-update.linux64_1.4.0.202007081208/tools/bin/../lib/gcc/arm-none-eabi/7.3.1/../../../../arm-none-eabi/lib/thumb/v7e-m/fpv4-sp/hard/libc_nano.a(lib_a-sbrkr.o)
 .debug_frame   0x0000000000004060       0x30 /opt/st/stm32cubeide_1.4.0/plugins/com.st.stm32cube.ide.mcu.externaltools.gnu-tools-for-stm32.7-2018-q2-update.linux64_1.4.0.202007081208/tools/bin/../lib/gcc/arm-none-eabi/7.3.1/../../../../arm-none-eabi/lib/thumb/v7e-m/fpv4-sp/hard/libc_nano.a(lib_a-mlock.o)
 .debug_frame   0x0000000000004090       0x20 /opt/st/stm32cubeide_1.4.0/plugins/com.st.stm32cube.ide.mcu.externaltools.gnu-tools-for-stm32.7-2018-q2-update.linux64_1.4.0.202007081208/tools/bin/../lib/gcc/arm-none-eabi/7.3.1/../../../../arm-none-eabi/lib/thumb/v7e-m/fpv4-sp/hard/libc_nano.a(lib_a-nano-msizer.o)
 .debug_frame   0x00000000000040b0       0x5c /opt/st/stm32cubeide_1.4.0/plugins/com.st.stm32cube.ide.mcu.externaltools.gnu-tools-for-stm32.7-2018-q2-update.linux64_1.4.0.202007081208/tools/bin/../lib/gcc/arm-none-eabi/7.3.1/../../../../arm-none-eabi/lib/thumb/v7e-m/fpv4-sp/hard/libc_nano.a(lib_a-reent.o)